ASxxxx Linker V03.00 + NoICE + sdld,  page 1.
Hexadecimal  [32-Bits]

Area                                    Addr        Size        Decimal Bytes (Attributes)
--------------------------------        ----        ----        ------- ----- ------------
.  .ABS.                            00000000    00000000 =           0. bytes (ABS,CON)

      Value  Global                              Global Defined In Module
      -----  --------------------------------   ------------------------
     00000000  .__.ABS.                           
     00000000  l_CABS                          
     00000000  l_DABS                          
     00000000  l_DATA                          
     00000000  l_INITIALIZED                   
     00000000  l_INITIALIZER                   
     00000000  l__CODE                         
     00000000  s_.debug_abbrev                 
     00000000  s_.debug_frame                  
     00000000  s_.debug_info                   
     00000000  s_.debug_line                   
     00000000  s_.debug_loc                    
     00000000  s_.debug_pubnames               
     00000000  s_CABS                          
     00000000  s_DABS                          
     00000000  s__CODE                         
     00000001  l_SSEG                          
     00000001  s_DATA                          
     00000001  s_INITIALIZED                   
     00000001  s_SSEG                          
     00000003  l_GSFINAL                       
     0000001A  l_GSINIT                        
     0000003D  l_CONST                         
     0000006F  l_HOME                          
     00000214  l_.debug_abbrev                 
     0000060A  l_.debug_pubnames               
     000009CC  l_CODE                          
     00000DAF  l_.debug_line                   
     00001258  l_.debug_info                   
     000013FD  l_.debug_frame                  
     000015E4  l_.debug_loc                    
     00008000  s_HOME                          
     0000806F  s_GSINIT                        
     00008089  s_GSFINAL                       
     0000808C  s_CONST                         
     000080C9  s_CODE                          
     000080C9  s_INITIALIZER                   

ASxxxx Linker V03.00 + NoICE + sdld,  page 2.
Hexadecimal  [32-Bits]

Area                                    Addr        Size        Decimal Bytes (Attributes)
--------------------------------        ----        ----        ------- ----- ------------
SSEG                                00000001    00000001 =           1. bytes (REL,CON)

      Value  Global                              Global Defined In Module
      -----  --------------------------------   ------------------------
ASxxxx Linker V03.00 + NoICE + sdld,  page 3.
Hexadecimal  [32-Bits]

Area                                    Addr        Size        Decimal Bytes (Attributes)
--------------------------------        ----        ----        ------- ----- ------------
HOME                                00008000    0000006F =         111. bytes (REL,CON)

      Value  Global                              Global Defined In Module
      -----  --------------------------------   ------------------------
     00008000  A$main$50                          main
     00008004  A$main$51                          main
     00008008  A$main$52                          main
     0000800C  A$main$53                          main
     00008010  A$main$54                          main
     00008014  A$main$55                          main
     00008018  A$main$56                          main
     0000801C  A$main$57                          main
     00008020  A$main$58                          main
     00008024  A$main$59                          main
     00008028  A$main$60                          main
     0000802C  A$main$61                          main
     00008030  A$main$62                          main
     00008034  A$main$63                          main
     00008038  A$main$64                          main
     0000803C  A$main$65                          main
     00008040  A$main$66                          main
     00008044  A$main$67                          main
     00008048  A$main$68                          main
     0000804C  A$main$69                          main
     00008050  A$main$70                          main
     00008054  A$main$71                          main
     00008058  A$main$72                          main
     0000805C  A$main$73                          main
     00008060  A$main$74                          main
     00008064  A$main$75                          main
     00008068  A$main$76                          main
     0000806C  A$main$110                         main

ASxxxx Linker V03.00 + NoICE + sdld,  page 4.
Hexadecimal  [32-Bits]

Area                                    Addr        Size        Decimal Bytes (Attributes)
--------------------------------        ----        ----        ------- ----- ------------
GSINIT                              0000806F    0000001A =          26. bytes (REL,CON)

      Value  Global                              Global Defined In Module
      -----  --------------------------------   ------------------------
     0000806F  A$main$86                          main
     00008072  A$main$87                          main
     00008074  A$main$89                          main
     00008078  A$main$90                          main
     00008079  A$main$91                          main
     0000807B  A$main$93                          main
     0000807E  A$main$94                          main
     00008080  A$main$96                          main
     00008083  A$main$97                          main
     00008086  A$main$98                          main
     00008087  A$main$99                          main

ASxxxx Linker V03.00 + NoICE + sdld,  page 5.
Hexadecimal  [32-Bits]

Area                                    Addr        Size        Decimal Bytes (Attributes)
--------------------------------        ----        ----        ------- ----- ------------
GSFINAL                             00008089    00000003 =           3. bytes (REL,CON)

      Value  Global                              Global Defined In Module
      -----  --------------------------------   ------------------------
     00008089  A$main$103                         main

ASxxxx Linker V03.00 + NoICE + sdld,  page 6.
Hexadecimal  [32-Bits]

Area                                    Addr        Size        Decimal Bytes (Attributes)
--------------------------------        ----        ----        ------- ----- ------------
CONST                               0000808C    0000003D =          61. bytes (REL,CON)

      Value  Global                              Global Defined In Module
      -----  --------------------------------   ------------------------
     0000808C  G$HSIDivFactor$0_0$0               stm8s_clk
     0000808C  _HSIDivFactor                      stm8s_clk
     00008090  G$CLKPrescTable$0_0$0              stm8s_clk
     00008090  _CLKPrescTable                     stm8s_clk
     00008098  Fstm8s_clk$__str_0$0_0$0           stm8s_clk
     000080B0  Fstm8s_gpio$__str_0$0_0$0          stm8s_gpio
ASxxxx Linker V03.00 + NoICE + sdld,  page 7.
Hexadecimal  [32-Bits]

Area                                    Addr        Size        Decimal Bytes (Attributes)
--------------------------------        ----        ----        ------- ----- ------------
CODE                                000080C9    000009CC =        2508. bytes (REL,CON)

      Value  Global                              Global Defined In Module
      -----  --------------------------------   ------------------------
     000080C9  A$main$126                         main
     000080C9  Smain$delay_1$0                    main
     000080C9  Smain$delay_1$1                    main
     000080C9  Smain$delay_1$2                    main
     000080C9  Smain$delay_1$3                    main
     000080C9  _delay_1                           main
     000080CB  A$main$127                         main
     000080CC  A$main$129                         main
     000080D0  A$main$130                         main
     000080D1  A$main$131                         main
     000080D3  A$main$132                         main
     000080D4  A$main$133                         main
     000080D6  A$main$134                         main
     000080D8  A$main$135                         main
     000080DA  A$main$136                         main
     000080DC  A$main$137                         main
     000080DD  A$main$138                         main
     000080DF  A$main$144                         main
     000080DF  Smain$delay_1$4                    main
     000080DF  Smain$delay_1$5                    main
     000080DF  XG$delay_1$0$0                     main
     000080E0  A$main$156                         main
     000080E0  Smain$delay_1$6                    main
     000080E0  Smain$delay_2$10                   main
     000080E0  Smain$delay_2$7                    main
     000080E0  Smain$delay_2$8                    main
     000080E0  Smain$delay_2$9                    main
     000080E0  _delay_2                           main
     000080E2  A$main$157                         main
     000080E3  A$main$159                         main
     000080E7  A$main$160                         main
     000080E8  A$main$161                         main
     000080EA  A$main$162                         main
     000080EB  A$main$163                         main
     000080ED  A$main$164                         main
     000080EF  A$main$165                         main
     000080F1  A$main$166                         main
     000080F3  A$main$167                         main
     000080F4  A$main$168                         main
     000080F6  A$main$174                         main
     000080F6  Smain$delay_2$11                   main
     000080F6  Smain$delay_2$12                   main
     000080F6  XG$delay_2$0$0                     main
     000080F7  A$main$185                         main
     000080F7  Smain$delay_2$13                   main
     000080F7  Smain$main$14                      main
     000080F7  Smain$main$15                      main
     000080F7  Smain$main$16                      main
     000080F7  _main                              main
     000080F9  A$main$187                         main
ASxxxx Linker V03.00 + NoICE + sdld,  page 8.
Hexadecimal  [32-Bits]

Area                                    Addr        Size        Decimal Bytes (Attributes)
--------------------------------        ----        ----        ------- ----- ------------
CODE                                000080C9    000009CC =        2508. bytes (REL,CON)

      Value  Global                              Global Defined In Module
      -----  --------------------------------   ------------------------
     000080F9  Smain$main$17                      main
     000080FC  A$main$188                         main
     000080FD  A$main$192                         main
     000080FD  Smain$main$18                      main
     000080FD  Smain$main$19                      main
     000080FF  A$main$194                         main
     000080FF  Smain$main$20                      main
     00008101  A$main$196                         main
     00008101  Smain$main$21                      main
     00008103  A$main$198                         main
     00008103  Smain$main$22                      main
     00008105  A$main$200                         main
     00008105  Smain$main$23                      main
     00008108  A$main$201                         main
     0000810A  A$main$209                         main
     0000810A  Smain$main$24                      main
     0000810A  Smain$main$25                      main
     0000810A  Smain$main$26                      main
     0000810A  Smain$main$27                      main
     0000810C  A$main$211                         main
     0000810C  Smain$main$28                      main
     0000810E  A$main$213                         main
     0000810E  Smain$main$29                      main
     00008110  A$main$215                         main
     00008110  Smain$main$30                      main
     00008113  A$main$216                         main
     00008115  A$main$220                         main
     00008115  Smain$main$31                      main
     00008115  Smain$main$32                      main
     00008118  A$main$223                         main
     00008118  Smain$main$33                      main
     0000811A  A$main$225                         main
     0000811A  Smain$main$34                      main
     0000811C  A$main$227                         main
     0000811C  Smain$main$35                      main
     0000811E  A$main$229                         main
     0000811E  Smain$main$36                      main
     00008121  A$main$230                         main
     00008123  A$main$234                         main
     00008123  Smain$main$37                      main
     00008123  Smain$main$38                      main
     00008126  A$main$237                         main
     00008126  Smain$main$39                      main
     00008128  A$main$239                         main
     00008128  Smain$main$40                      main
     0000812A  A$main$241                         main
     0000812A  Smain$main$41                      main
     0000812C  A$main$243                         main
     0000812C  Smain$main$42                      main
     0000812F  A$main$244                         main
     00008131  A$main$248                         main
ASxxxx Linker V03.00 + NoICE + sdld,  page 9.
Hexadecimal  [32-Bits]

Area                                    Addr        Size        Decimal Bytes (Attributes)
--------------------------------        ----        ----        ------- ----- ------------
CODE                                000080C9    000009CC =        2508. bytes (REL,CON)

      Value  Global                              Global Defined In Module
      -----  --------------------------------   ------------------------
     00008131  Smain$main$43                      main
     00008131  Smain$main$44                      main
     00008134  A$main$251                         main
     00008134  Smain$main$45                      main
     00008136  A$main$253                         main
     00008136  Smain$main$46                      main
     00008138  A$main$255                         main
     00008138  Smain$main$47                      main
     0000813A  A$main$257                         main
     0000813A  Smain$main$48                      main
     0000813D  A$main$258                         main
     0000813F  A$main$262                         main
     0000813F  Smain$main$49                      main
     0000813F  Smain$main$50                      main
     00008142  A$main$265                         main
     00008142  Smain$main$51                      main
     00008144  A$main$267                         main
     00008144  Smain$main$52                      main
     00008146  A$main$269                         main
     00008146  Smain$main$53                      main
     00008148  A$main$271                         main
     00008148  Smain$main$54                      main
     0000814B  A$main$272                         main
     0000814D  A$main$276                         main
     0000814D  Smain$main$55                      main
     0000814D  Smain$main$56                      main
     00008150  A$main$279                         main
     00008150  Smain$main$57                      main
     00008152  A$main$281                         main
     00008152  Smain$main$58                      main
     00008154  A$main$283                         main
     00008154  Smain$main$59                      main
     00008156  A$main$285                         main
     00008156  Smain$main$60                      main
     00008159  A$main$286                         main
     0000815B  A$main$290                         main
     0000815B  Smain$main$61                      main
     0000815B  Smain$main$62                      main
     0000815E  A$main$293                         main
     0000815E  Smain$main$63                      main
     00008160  A$main$295                         main
     00008160  Smain$main$64                      main
     00008162  A$main$297                         main
     00008162  Smain$main$65                      main
     00008164  A$main$299                         main
     00008164  Smain$main$66                      main
     00008167  A$main$300                         main
     00008169  A$main$304                         main
     00008169  Smain$main$67                      main
     00008169  Smain$main$68                      main
     0000816C  A$main$307                         main
ASxxxx Linker V03.00 + NoICE + sdld,  page 10.
Hexadecimal  [32-Bits]

Area                                    Addr        Size        Decimal Bytes (Attributes)
--------------------------------        ----        ----        ------- ----- ------------
CODE                                000080C9    000009CC =        2508. bytes (REL,CON)

      Value  Global                              Global Defined In Module
      -----  --------------------------------   ------------------------
     0000816C  Smain$main$69                      main
     0000816E  A$main$309                         main
     0000816E  Smain$main$70                      main
     00008170  A$main$311                         main
     00008170  Smain$main$71                      main
     00008172  A$main$313                         main
     00008172  Smain$main$72                      main
     00008175  A$main$314                         main
     00008177  A$main$318                         main
     00008177  Smain$main$73                      main
     00008177  Smain$main$74                      main
     0000817A  A$main$321                         main
     0000817A  Smain$main$75                      main
     0000817C  A$main$323                         main
     0000817C  Smain$main$76                      main
     0000817E  A$main$325                         main
     0000817E  Smain$main$77                      main
     00008180  A$main$327                         main
     00008180  Smain$main$78                      main
     00008183  A$main$328                         main
     00008185  A$main$332                         main
     00008185  Smain$main$79                      main
     00008185  Smain$main$80                      main
     00008188  A$main$335                         main
     00008188  Smain$main$81                      main
     0000818A  A$main$337                         main
     0000818A  Smain$main$82                      main
     0000818C  A$main$339                         main
     0000818C  Smain$main$83                      main
     0000818E  A$main$341                         main
     0000818E  Smain$main$84                      main
     00008191  A$main$342                         main
     00008193  A$main$346                         main
     00008193  Smain$main$85                      main
     00008193  Smain$main$86                      main
     00008196  A$main$348                         main
     00008196  Smain$main$87                      main
     00008199  A$main$353                         main
     00008199  Smain$main$88                      main
     00008199  Smain$main$89                      main
     00008199  XG$main$0$0                        main
     0000819A  A$stm8s_it$85                      stm8s_it
     0000819A  Smain$main$90                      main
     0000819A  Sstm8s_it$TRAP_IRQHandler$0        stm8s_it
     0000819A  Sstm8s_it$TRAP_IRQHandler$1        stm8s_it
     0000819A  Sstm8s_it$TRAP_IRQHandler$2        stm8s_it
     0000819A  Sstm8s_it$TRAP_IRQHandler$3        stm8s_it
     0000819A  XG$TRAP_IRQHandler$0$0             stm8s_it
     0000819A  _TRAP_IRQHandler                   stm8s_it
     0000819B  A$stm8s_it$98                      stm8s_it
     0000819B  Sstm8s_it$TLI_IRQHandler$5         stm8s_it
ASxxxx Linker V03.00 + NoICE + sdld,  page 11.
Hexadecimal  [32-Bits]

Area                                    Addr        Size        Decimal Bytes (Attributes)
--------------------------------        ----        ----        ------- ----- ------------
CODE                                000080C9    000009CC =        2508. bytes (REL,CON)

      Value  Global                              Global Defined In Module
      -----  --------------------------------   ------------------------
     0000819B  Sstm8s_it$TLI_IRQHandler$6         stm8s_it
     0000819B  Sstm8s_it$TLI_IRQHandler$7         stm8s_it
     0000819B  Sstm8s_it$TLI_IRQHandler$8         stm8s_it
     0000819B  Sstm8s_it$TRAP_IRQHandler$4        stm8s_it
     0000819B  XG$TLI_IRQHandler$0$0              stm8s_it
     0000819B  _TLI_IRQHandler                    stm8s_it
     0000819C  A$stm8s_it$111                     stm8s_it
     0000819C  Sstm8s_it$AWU_IRQHandler$10        stm8s_it
     0000819C  Sstm8s_it$AWU_IRQHandler$11        stm8s_it
     0000819C  Sstm8s_it$AWU_IRQHandler$12        stm8s_it
     0000819C  Sstm8s_it$AWU_IRQHandler$13        stm8s_it
     0000819C  Sstm8s_it$TLI_IRQHandler$9         stm8s_it
     0000819C  XG$AWU_IRQHandler$0$0              stm8s_it
     0000819C  _AWU_IRQHandler                    stm8s_it
     0000819D  A$stm8s_it$124                     stm8s_it
     0000819D  Sstm8s_it$AWU_IRQHandler$14        stm8s_it
     0000819D  Sstm8s_it$CLK_IRQHandler$15        stm8s_it
     0000819D  Sstm8s_it$CLK_IRQHandler$16        stm8s_it
     0000819D  Sstm8s_it$CLK_IRQHandler$17        stm8s_it
     0000819D  Sstm8s_it$CLK_IRQHandler$18        stm8s_it
     0000819D  XG$CLK_IRQHandler$0$0              stm8s_it
     0000819D  _CLK_IRQHandler                    stm8s_it
     0000819E  A$stm8s_it$137                     stm8s_it
     0000819E  Sstm8s_it$CLK_IRQHandler$19        stm8s_it
     0000819E  Sstm8s_it$EXTI_PORTA_IRQHandler$   stm8s_it
     0000819E  Sstm8s_it$EXTI_PORTA_IRQHandler$   stm8s_it
     0000819E  Sstm8s_it$EXTI_PORTA_IRQHandler$   stm8s_it
     0000819E  Sstm8s_it$EXTI_PORTA_IRQHandler$   stm8s_it
     0000819E  XG$EXTI_PORTA_IRQHandler$0$0       stm8s_it
     0000819E  _EXTI_PORTA_IRQHandler             stm8s_it
     0000819F  A$stm8s_it$150                     stm8s_it
     0000819F  Sstm8s_it$EXTI_PORTA_IRQHandler$   stm8s_it
     0000819F  Sstm8s_it$EXTI_PORTB_IRQHandler$   stm8s_it
     0000819F  Sstm8s_it$EXTI_PORTB_IRQHandler$   stm8s_it
     0000819F  Sstm8s_it$EXTI_PORTB_IRQHandler$   stm8s_it
     0000819F  Sstm8s_it$EXTI_PORTB_IRQHandler$   stm8s_it
     0000819F  XG$EXTI_PORTB_IRQHandler$0$0       stm8s_it
     0000819F  _EXTI_PORTB_IRQHandler             stm8s_it
     000081A0  A$stm8s_it$163                     stm8s_it
     000081A0  Sstm8s_it$EXTI_PORTB_IRQHandler$   stm8s_it
     000081A0  Sstm8s_it$EXTI_PORTC_IRQHandler$   stm8s_it
     000081A0  Sstm8s_it$EXTI_PORTC_IRQHandler$   stm8s_it
     000081A0  Sstm8s_it$EXTI_PORTC_IRQHandler$   stm8s_it
     000081A0  Sstm8s_it$EXTI_PORTC_IRQHandler$   stm8s_it
     000081A0  XG$EXTI_PORTC_IRQHandler$0$0       stm8s_it
     000081A0  _EXTI_PORTC_IRQHandler             stm8s_it
     000081A1  A$stm8s_it$176                     stm8s_it
     000081A1  Sstm8s_it$EXTI_PORTC_IRQHandler$   stm8s_it
     000081A1  Sstm8s_it$EXTI_PORTD_IRQHandler$   stm8s_it
     000081A1  Sstm8s_it$EXTI_PORTD_IRQHandler$   stm8s_it
     000081A1  Sstm8s_it$EXTI_PORTD_IRQHandler$   stm8s_it
ASxxxx Linker V03.00 + NoICE + sdld,  page 12.
Hexadecimal  [32-Bits]

Area                                    Addr        Size        Decimal Bytes (Attributes)
--------------------------------        ----        ----        ------- ----- ------------
CODE                                000080C9    000009CC =        2508. bytes (REL,CON)

      Value  Global                              Global Defined In Module
      -----  --------------------------------   ------------------------
     000081A1  Sstm8s_it$EXTI_PORTD_IRQHandler$   stm8s_it
     000081A1  XG$EXTI_PORTD_IRQHandler$0$0       stm8s_it
     000081A1  _EXTI_PORTD_IRQHandler             stm8s_it
     000081A2  A$stm8s_it$189                     stm8s_it
     000081A2  Sstm8s_it$EXTI_PORTD_IRQHandler$   stm8s_it
     000081A2  Sstm8s_it$EXTI_PORTE_IRQHandler$   stm8s_it
     000081A2  Sstm8s_it$EXTI_PORTE_IRQHandler$   stm8s_it
     000081A2  Sstm8s_it$EXTI_PORTE_IRQHandler$   stm8s_it
     000081A2  Sstm8s_it$EXTI_PORTE_IRQHandler$   stm8s_it
     000081A2  XG$EXTI_PORTE_IRQHandler$0$0       stm8s_it
     000081A2  _EXTI_PORTE_IRQHandler             stm8s_it
     000081A3  A$stm8s_it$202                     stm8s_it
     000081A3  Sstm8s_it$CAN_RX_IRQHandler$45     stm8s_it
     000081A3  Sstm8s_it$CAN_RX_IRQHandler$46     stm8s_it
     000081A3  Sstm8s_it$CAN_RX_IRQHandler$47     stm8s_it
     000081A3  Sstm8s_it$CAN_RX_IRQHandler$48     stm8s_it
     000081A3  Sstm8s_it$EXTI_PORTE_IRQHandler$   stm8s_it
     000081A3  XG$CAN_RX_IRQHandler$0$0           stm8s_it
     000081A3  _CAN_RX_IRQHandler                 stm8s_it
     000081A4  A$stm8s_it$215                     stm8s_it
     000081A4  Sstm8s_it$CAN_RX_IRQHandler$49     stm8s_it
     000081A4  Sstm8s_it$CAN_TX_IRQHandler$50     stm8s_it
     000081A4  Sstm8s_it$CAN_TX_IRQHandler$51     stm8s_it
     000081A4  Sstm8s_it$CAN_TX_IRQHandler$52     stm8s_it
     000081A4  Sstm8s_it$CAN_TX_IRQHandler$53     stm8s_it
     000081A4  XG$CAN_TX_IRQHandler$0$0           stm8s_it
     000081A4  _CAN_TX_IRQHandler                 stm8s_it
     000081A5  A$stm8s_it$228                     stm8s_it
     000081A5  Sstm8s_it$CAN_TX_IRQHandler$54     stm8s_it
     000081A5  Sstm8s_it$SPI_IRQHandler$55        stm8s_it
     000081A5  Sstm8s_it$SPI_IRQHandler$56        stm8s_it
     000081A5  Sstm8s_it$SPI_IRQHandler$57        stm8s_it
     000081A5  Sstm8s_it$SPI_IRQHandler$58        stm8s_it
     000081A5  XG$SPI_IRQHandler$0$0              stm8s_it
     000081A5  _SPI_IRQHandler                    stm8s_it
     000081A6  A$stm8s_it$241                     stm8s_it
     000081A6  Sstm8s_it$SPI_IRQHandler$59        stm8s_it
     000081A6  Sstm8s_it$TIM1_UPD_OVF_TRG_BRK_I   stm8s_it
     000081A6  Sstm8s_it$TIM1_UPD_OVF_TRG_BRK_I   stm8s_it
     000081A6  Sstm8s_it$TIM1_UPD_OVF_TRG_BRK_I   stm8s_it
     000081A6  Sstm8s_it$TIM1_UPD_OVF_TRG_BRK_I   stm8s_it
     000081A6  XG$TIM1_UPD_OVF_TRG_BRK_IRQHandl   stm8s_it
     000081A6  _TIM1_UPD_OVF_TRG_BRK_IRQHandler   stm8s_it
     000081A7  A$stm8s_it$254                     stm8s_it
     000081A7  Sstm8s_it$TIM1_CAP_COM_IRQHandle   stm8s_it
     000081A7  Sstm8s_it$TIM1_CAP_COM_IRQHandle   stm8s_it
     000081A7  Sstm8s_it$TIM1_CAP_COM_IRQHandle   stm8s_it
     000081A7  Sstm8s_it$TIM1_CAP_COM_IRQHandle   stm8s_it
     000081A7  Sstm8s_it$TIM1_UPD_OVF_TRG_BRK_I   stm8s_it
     000081A7  XG$TIM1_CAP_COM_IRQHandler$0$0     stm8s_it
     000081A7  _TIM1_CAP_COM_IRQHandler           stm8s_it
ASxxxx Linker V03.00 + NoICE + sdld,  page 13.
Hexadecimal  [32-Bits]

Area                                    Addr        Size        Decimal Bytes (Attributes)
--------------------------------        ----        ----        ------- ----- ------------
CODE                                000080C9    000009CC =        2508. bytes (REL,CON)

      Value  Global                              Global Defined In Module
      -----  --------------------------------   ------------------------
     000081A8  A$stm8s_it$267                     stm8s_it
     000081A8  Sstm8s_it$TIM1_CAP_COM_IRQHandle   stm8s_it
     000081A8  Sstm8s_it$TIM2_UPD_OVF_BRK_IRQHa   stm8s_it
     000081A8  Sstm8s_it$TIM2_UPD_OVF_BRK_IRQHa   stm8s_it
     000081A8  Sstm8s_it$TIM2_UPD_OVF_BRK_IRQHa   stm8s_it
     000081A8  Sstm8s_it$TIM2_UPD_OVF_BRK_IRQHa   stm8s_it
     000081A8  XG$TIM2_UPD_OVF_BRK_IRQHandler$0   stm8s_it
     000081A8  _TIM2_UPD_OVF_BRK_IRQHandler       stm8s_it
     000081A9  A$stm8s_it$280                     stm8s_it
     000081A9  Sstm8s_it$TIM2_CAP_COM_IRQHandle   stm8s_it
     000081A9  Sstm8s_it$TIM2_CAP_COM_IRQHandle   stm8s_it
     000081A9  Sstm8s_it$TIM2_CAP_COM_IRQHandle   stm8s_it
     000081A9  Sstm8s_it$TIM2_CAP_COM_IRQHandle   stm8s_it
     000081A9  Sstm8s_it$TIM2_UPD_OVF_BRK_IRQHa   stm8s_it
     000081A9  XG$TIM2_CAP_COM_IRQHandler$0$0     stm8s_it
     000081A9  _TIM2_CAP_COM_IRQHandler           stm8s_it
     000081AA  A$stm8s_it$293                     stm8s_it
     000081AA  Sstm8s_it$TIM2_CAP_COM_IRQHandle   stm8s_it
     000081AA  Sstm8s_it$TIM3_UPD_OVF_BRK_IRQHa   stm8s_it
     000081AA  Sstm8s_it$TIM3_UPD_OVF_BRK_IRQHa   stm8s_it
     000081AA  Sstm8s_it$TIM3_UPD_OVF_BRK_IRQHa   stm8s_it
     000081AA  Sstm8s_it$TIM3_UPD_OVF_BRK_IRQHa   stm8s_it
     000081AA  XG$TIM3_UPD_OVF_BRK_IRQHandler$0   stm8s_it
     000081AA  _TIM3_UPD_OVF_BRK_IRQHandler       stm8s_it
     000081AB  A$stm8s_it$306                     stm8s_it
     000081AB  Sstm8s_it$TIM3_CAP_COM_IRQHandle   stm8s_it
     000081AB  Sstm8s_it$TIM3_CAP_COM_IRQHandle   stm8s_it
     000081AB  Sstm8s_it$TIM3_CAP_COM_IRQHandle   stm8s_it
     000081AB  Sstm8s_it$TIM3_CAP_COM_IRQHandle   stm8s_it
     000081AB  Sstm8s_it$TIM3_UPD_OVF_BRK_IRQHa   stm8s_it
     000081AB  XG$TIM3_CAP_COM_IRQHandler$0$0     stm8s_it
     000081AB  _TIM3_CAP_COM_IRQHandler           stm8s_it
     000081AC  A$stm8s_it$319                     stm8s_it
     000081AC  Sstm8s_it$TIM3_CAP_COM_IRQHandle   stm8s_it
     000081AC  Sstm8s_it$UART1_TX_IRQHandler$90   stm8s_it
     000081AC  Sstm8s_it$UART1_TX_IRQHandler$91   stm8s_it
     000081AC  Sstm8s_it$UART1_TX_IRQHandler$92   stm8s_it
     000081AC  Sstm8s_it$UART1_TX_IRQHandler$93   stm8s_it
     000081AC  XG$UART1_TX_IRQHandler$0$0         stm8s_it
     000081AC  _UART1_TX_IRQHandler               stm8s_it
     000081AD  A$stm8s_it$332                     stm8s_it
     000081AD  Sstm8s_it$UART1_RX_IRQHandler$95   stm8s_it
     000081AD  Sstm8s_it$UART1_RX_IRQHandler$96   stm8s_it
     000081AD  Sstm8s_it$UART1_RX_IRQHandler$97   stm8s_it
     000081AD  Sstm8s_it$UART1_RX_IRQHandler$98   stm8s_it
     000081AD  Sstm8s_it$UART1_TX_IRQHandler$94   stm8s_it
     000081AD  XG$UART1_RX_IRQHandler$0$0         stm8s_it
     000081AD  _UART1_RX_IRQHandler               stm8s_it
     000081AE  A$stm8s_it$345                     stm8s_it
     000081AE  Sstm8s_it$I2C_IRQHandler$100       stm8s_it
     000081AE  Sstm8s_it$I2C_IRQHandler$101       stm8s_it
ASxxxx Linker V03.00 + NoICE + sdld,  page 14.
Hexadecimal  [32-Bits]

Area                                    Addr        Size        Decimal Bytes (Attributes)
--------------------------------        ----        ----        ------- ----- ------------
CODE                                000080C9    000009CC =        2508. bytes (REL,CON)

      Value  Global                              Global Defined In Module
      -----  --------------------------------   ------------------------
     000081AE  Sstm8s_it$I2C_IRQHandler$102       stm8s_it
     000081AE  Sstm8s_it$I2C_IRQHandler$103       stm8s_it
     000081AE  Sstm8s_it$UART1_RX_IRQHandler$99   stm8s_it
     000081AE  XG$I2C_IRQHandler$0$0              stm8s_it
     000081AE  _I2C_IRQHandler                    stm8s_it
     000081AF  A$stm8s_it$358                     stm8s_it
     000081AF  Sstm8s_it$I2C_IRQHandler$104       stm8s_it
     000081AF  Sstm8s_it$UART3_TX_IRQHandler$10   stm8s_it
     000081AF  Sstm8s_it$UART3_TX_IRQHandler$10   stm8s_it
     000081AF  Sstm8s_it$UART3_TX_IRQHandler$10   stm8s_it
     000081AF  Sstm8s_it$UART3_TX_IRQHandler$10   stm8s_it
     000081AF  XG$UART3_TX_IRQHandler$0$0         stm8s_it
     000081AF  _UART3_TX_IRQHandler               stm8s_it
     000081B0  A$stm8s_it$371                     stm8s_it
     000081B0  Sstm8s_it$UART3_RX_IRQHandler$11   stm8s_it
     000081B0  Sstm8s_it$UART3_RX_IRQHandler$11   stm8s_it
     000081B0  Sstm8s_it$UART3_RX_IRQHandler$11   stm8s_it
     000081B0  Sstm8s_it$UART3_RX_IRQHandler$11   stm8s_it
     000081B0  Sstm8s_it$UART3_TX_IRQHandler$10   stm8s_it
     000081B0  XG$UART3_RX_IRQHandler$0$0         stm8s_it
     000081B0  _UART3_RX_IRQHandler               stm8s_it
     000081B1  A$stm8s_it$386                     stm8s_it
     000081B1  Sstm8s_it$ADC2_IRQHandler$115      stm8s_it
     000081B1  Sstm8s_it$ADC2_IRQHandler$116      stm8s_it
     000081B1  Sstm8s_it$ADC2_IRQHandler$117      stm8s_it
     000081B1  Sstm8s_it$ADC2_IRQHandler$118      stm8s_it
     000081B1  Sstm8s_it$ADC2_IRQHandler$119      stm8s_it
     000081B1  Sstm8s_it$UART3_RX_IRQHandler$11   stm8s_it
     000081B1  XG$ADC2_IRQHandler$0$0             stm8s_it
     000081B1  _ADC2_IRQHandler                   stm8s_it
     000081B2  A$stm8s_it$399                     stm8s_it
     000081B2  Sstm8s_it$ADC2_IRQHandler$120      stm8s_it
     000081B2  Sstm8s_it$TIM4_UPD_OVF_IRQHandle   stm8s_it
     000081B2  Sstm8s_it$TIM4_UPD_OVF_IRQHandle   stm8s_it
     000081B2  Sstm8s_it$TIM4_UPD_OVF_IRQHandle   stm8s_it
     000081B2  Sstm8s_it$TIM4_UPD_OVF_IRQHandle   stm8s_it
     000081B2  XG$TIM4_UPD_OVF_IRQHandler$0$0     stm8s_it
     000081B2  _TIM4_UPD_OVF_IRQHandler           stm8s_it
     000081B3  A$stm8s_it$412                     stm8s_it
     000081B3  Sstm8s_it$EEPROM_EEC_IRQHandler$   stm8s_it
     000081B3  Sstm8s_it$EEPROM_EEC_IRQHandler$   stm8s_it
     000081B3  Sstm8s_it$EEPROM_EEC_IRQHandler$   stm8s_it
     000081B3  Sstm8s_it$EEPROM_EEC_IRQHandler$   stm8s_it
     000081B3  Sstm8s_it$TIM4_UPD_OVF_IRQHandle   stm8s_it
     000081B3  XG$EEPROM_EEC_IRQHandler$0$0       stm8s_it
     000081B3  _EEPROM_EEC_IRQHandler             stm8s_it
     000081B4  A$stm8s_conf$59                    stm8s_conf
     000081B4  Sstm8s_conf$assert_failed$0        stm8s_conf
     000081B4  Sstm8s_conf$assert_failed$1        stm8s_conf
     000081B4  Sstm8s_conf$assert_failed$2        stm8s_conf
     000081B4  Sstm8s_it$EEPROM_EEC_IRQHandler$   stm8s_it
ASxxxx Linker V03.00 + NoICE + sdld,  page 15.
Hexadecimal  [32-Bits]

Area                                    Addr        Size        Decimal Bytes (Attributes)
--------------------------------        ----        ----        ------- ----- ------------
CODE                                000080C9    000009CC =        2508. bytes (REL,CON)

      Value  Global                              Global Defined In Module
      -----  --------------------------------   ------------------------
     000081B4  _assert_failed                     stm8s_conf
     000081B6  A$stm8s_conf$64                    stm8s_conf
     000081B6  Sstm8s_conf$assert_failed$3        stm8s_conf
     000081B6  Sstm8s_conf$assert_failed$4        stm8s_conf
     000081B6  XG$assert_failed$0$0               stm8s_conf
     000081B7  A$stm8s_clk$83                     stm8s_clk
     000081B7  Sstm8s_clk$CLK_DeInit$0            stm8s_clk
     000081B7  Sstm8s_clk$CLK_DeInit$1            stm8s_clk
     000081B7  Sstm8s_clk$CLK_DeInit$2            stm8s_clk
     000081B7  Sstm8s_conf$assert_failed$5        stm8s_conf
     000081B7  _CLK_DeInit                        stm8s_clk
     000081BB  A$stm8s_clk$86                     stm8s_clk
     000081BB  Sstm8s_clk$CLK_DeInit$3            stm8s_clk
     000081BF  A$stm8s_clk$89                     stm8s_clk
     000081BF  Sstm8s_clk$CLK_DeInit$4            stm8s_clk
     000081C3  A$stm8s_clk$92                     stm8s_clk
     000081C3  Sstm8s_clk$CLK_DeInit$5            stm8s_clk
     000081C7  A$stm8s_clk$95                     stm8s_clk
     000081C7  Sstm8s_clk$CLK_DeInit$6            stm8s_clk
     000081CB  A$stm8s_clk$98                     stm8s_clk
     000081CB  Sstm8s_clk$CLK_DeInit$7            stm8s_clk
     000081CF  A$stm8s_clk$101                    stm8s_clk
     000081CF  Sstm8s_clk$CLK_DeInit$8            stm8s_clk
     000081D3  A$stm8s_clk$104                    stm8s_clk
     000081D3  Sstm8s_clk$CLK_DeInit$9            stm8s_clk
     000081D7  A$stm8s_clk$107                    stm8s_clk
     000081D7  Sstm8s_clk$CLK_DeInit$10           stm8s_clk
     000081DB  A$stm8s_clk$111                    stm8s_clk
     000081DB  Sstm8s_clk$CLK_DeInit$11           stm8s_clk
     000081DE  A$stm8s_clk$112                    stm8s_clk
     000081DF  A$stm8s_clk$113                    stm8s_clk
     000081E1  A$stm8s_clk$116                    stm8s_clk
     000081E1  Sstm8s_clk$CLK_DeInit$12           stm8s_clk
     000081E5  A$stm8s_clk$119                    stm8s_clk
     000081E5  Sstm8s_clk$CLK_DeInit$13           stm8s_clk
     000081E9  A$stm8s_clk$122                    stm8s_clk
     000081E9  Sstm8s_clk$CLK_DeInit$14           stm8s_clk
     000081ED  A$stm8s_clk$127                    stm8s_clk
     000081ED  Sstm8s_clk$CLK_DeInit$15           stm8s_clk
     000081ED  Sstm8s_clk$CLK_DeInit$16           stm8s_clk
     000081ED  XG$CLK_DeInit$0$0                  stm8s_clk
     000081EE  A$stm8s_clk$138                    stm8s_clk
     000081EE  Sstm8s_clk$CLK_DeInit$17           stm8s_clk
     000081EE  Sstm8s_clk$CLK_FastHaltWakeUpCmd   stm8s_clk
     000081EE  Sstm8s_clk$CLK_FastHaltWakeUpCmd   stm8s_clk
     000081EE  Sstm8s_clk$CLK_FastHaltWakeUpCmd   stm8s_clk
     000081EE  _CLK_FastHaltWakeUpCmd             stm8s_clk
     000081F0  A$stm8s_clk$139                    stm8s_clk
     000081F2  A$stm8s_clk$140                    stm8s_clk
     000081F4  A$stm8s_clk$141                    stm8s_clk
     000081F5  A$stm8s_clk$142                    stm8s_clk
ASxxxx Linker V03.00 + NoICE + sdld,  page 16.
Hexadecimal  [32-Bits]

Area                                    Addr        Size        Decimal Bytes (Attributes)
--------------------------------        ----        ----        ------- ----- ------------
CODE                                000080C9    000009CC =        2508. bytes (REL,CON)

      Value  Global                              Global Defined In Module
      -----  --------------------------------   ------------------------
     000081F7  A$stm8s_clk$144                    stm8s_clk
     000081F7  Sstm8s_clk$CLK_FastHaltWakeUpCmd   stm8s_clk
     000081F9  A$stm8s_clk$146                    stm8s_clk
     000081F9  Sstm8s_clk$CLK_FastHaltWakeUpCmd   stm8s_clk
     000081FA  A$stm8s_clk$147                    stm8s_clk
     000081FB  A$stm8s_clk$149                    stm8s_clk
     000081FB  Sstm8s_clk$CLK_FastHaltWakeUpCmd   stm8s_clk
     000081FD  A$stm8s_clk$151                    stm8s_clk
     000081FD  Sstm8s_clk$CLK_FastHaltWakeUpCmd   stm8s_clk
     000081FF  A$stm8s_clk$153                    stm8s_clk
     000081FF  Sstm8s_clk$CLK_FastHaltWakeUpCmd   stm8s_clk
     00008201  A$stm8s_clk$155                    stm8s_clk
     00008201  Sstm8s_clk$CLK_FastHaltWakeUpCmd   stm8s_clk
     00008204  A$stm8s_clk$156                    stm8s_clk
     00008206  A$stm8s_clk$161                    stm8s_clk
     00008206  Sstm8s_clk$CLK_FastHaltWakeUpCmd   stm8s_clk
     00008206  Sstm8s_clk$CLK_FastHaltWakeUpCmd   stm8s_clk
     00008209  A$stm8s_clk$164                    stm8s_clk
     00008209  Sstm8s_clk$CLK_FastHaltWakeUpCmd   stm8s_clk
     0000820B  A$stm8s_clk$165                    stm8s_clk
     0000820D  A$stm8s_clk$169                    stm8s_clk
     0000820D  Sstm8s_clk$CLK_FastHaltWakeUpCmd   stm8s_clk
     0000820D  Sstm8s_clk$CLK_FastHaltWakeUpCmd   stm8s_clk
     0000820F  A$stm8s_clk$170                    stm8s_clk
     00008212  A$stm8s_clk$172                    stm8s_clk
     00008212  Sstm8s_clk$CLK_FastHaltWakeUpCmd   stm8s_clk
     00008214  A$stm8s_clk$177                    stm8s_clk
     00008214  Sstm8s_clk$CLK_FastHaltWakeUpCmd   stm8s_clk
     00008214  Sstm8s_clk$CLK_FastHaltWakeUpCmd   stm8s_clk
     00008216  A$stm8s_clk$178                    stm8s_clk
     00008219  A$stm8s_clk$185                    stm8s_clk
     00008219  Sstm8s_clk$CLK_FastHaltWakeUpCmd   stm8s_clk
     00008219  Sstm8s_clk$CLK_FastHaltWakeUpCmd   stm8s_clk
     00008219  Sstm8s_clk$CLK_FastHaltWakeUpCmd   stm8s_clk
     00008219  XG$CLK_FastHaltWakeUpCmd$0$0       stm8s_clk
     0000821A  A$stm8s_clk$196                    stm8s_clk
     0000821A  Sstm8s_clk$CLK_FastHaltWakeUpCmd   stm8s_clk
     0000821A  Sstm8s_clk$CLK_HSECmd$39           stm8s_clk
     0000821A  Sstm8s_clk$CLK_HSECmd$40           stm8s_clk
     0000821A  Sstm8s_clk$CLK_HSECmd$41           stm8s_clk
     0000821A  _CLK_HSECmd                        stm8s_clk
     0000821C  A$stm8s_clk$197                    stm8s_clk
     0000821E  A$stm8s_clk$198                    stm8s_clk
     00008220  A$stm8s_clk$199                    stm8s_clk
     00008221  A$stm8s_clk$200                    stm8s_clk
     00008223  A$stm8s_clk$202                    stm8s_clk
     00008223  Sstm8s_clk$CLK_HSECmd$42           stm8s_clk
     00008225  A$stm8s_clk$204                    stm8s_clk
     00008225  Sstm8s_clk$CLK_HSECmd$43           stm8s_clk
     00008226  A$stm8s_clk$205                    stm8s_clk
     00008227  A$stm8s_clk$207                    stm8s_clk
ASxxxx Linker V03.00 + NoICE + sdld,  page 17.
Hexadecimal  [32-Bits]

Area                                    Addr        Size        Decimal Bytes (Attributes)
--------------------------------        ----        ----        ------- ----- ------------
CODE                                000080C9    000009CC =        2508. bytes (REL,CON)

      Value  Global                              Global Defined In Module
      -----  --------------------------------   ------------------------
     00008227  Sstm8s_clk$CLK_HSECmd$44           stm8s_clk
     00008229  A$stm8s_clk$209                    stm8s_clk
     00008229  Sstm8s_clk$CLK_HSECmd$45           stm8s_clk
     0000822B  A$stm8s_clk$211                    stm8s_clk
     0000822B  Sstm8s_clk$CLK_HSECmd$46           stm8s_clk
     0000822D  A$stm8s_clk$213                    stm8s_clk
     0000822D  Sstm8s_clk$CLK_HSECmd$47           stm8s_clk
     00008230  A$stm8s_clk$214                    stm8s_clk
     00008232  A$stm8s_clk$219                    stm8s_clk
     00008232  Sstm8s_clk$CLK_HSECmd$48           stm8s_clk
     00008232  Sstm8s_clk$CLK_HSECmd$49           stm8s_clk
     00008235  A$stm8s_clk$222                    stm8s_clk
     00008235  Sstm8s_clk$CLK_HSECmd$50           stm8s_clk
     00008237  A$stm8s_clk$223                    stm8s_clk
     00008239  A$stm8s_clk$227                    stm8s_clk
     00008239  Sstm8s_clk$CLK_HSECmd$51           stm8s_clk
     00008239  Sstm8s_clk$CLK_HSECmd$52           stm8s_clk
     0000823B  A$stm8s_clk$228                    stm8s_clk
     0000823E  A$stm8s_clk$230                    stm8s_clk
     0000823E  Sstm8s_clk$CLK_HSECmd$53           stm8s_clk
     00008240  A$stm8s_clk$235                    stm8s_clk
     00008240  Sstm8s_clk$CLK_HSECmd$54           stm8s_clk
     00008240  Sstm8s_clk$CLK_HSECmd$55           stm8s_clk
     00008242  A$stm8s_clk$236                    stm8s_clk
     00008245  A$stm8s_clk$243                    stm8s_clk
     00008245  Sstm8s_clk$CLK_HSECmd$56           stm8s_clk
     00008245  Sstm8s_clk$CLK_HSECmd$57           stm8s_clk
     00008245  Sstm8s_clk$CLK_HSECmd$58           stm8s_clk
     00008245  XG$CLK_HSECmd$0$0                  stm8s_clk
     00008246  A$stm8s_clk$254                    stm8s_clk
     00008246  Sstm8s_clk$CLK_HSECmd$59           stm8s_clk
     00008246  Sstm8s_clk$CLK_HSICmd$60           stm8s_clk
     00008246  Sstm8s_clk$CLK_HSICmd$61           stm8s_clk
     00008246  Sstm8s_clk$CLK_HSICmd$62           stm8s_clk
     00008246  _CLK_HSICmd                        stm8s_clk
     00008248  A$stm8s_clk$255                    stm8s_clk
     0000824A  A$stm8s_clk$256                    stm8s_clk
     0000824C  A$stm8s_clk$257                    stm8s_clk
     0000824D  A$stm8s_clk$258                    stm8s_clk
     0000824F  A$stm8s_clk$260                    stm8s_clk
     0000824F  Sstm8s_clk$CLK_HSICmd$63           stm8s_clk
     00008251  A$stm8s_clk$262                    stm8s_clk
     00008251  Sstm8s_clk$CLK_HSICmd$64           stm8s_clk
     00008252  A$stm8s_clk$263                    stm8s_clk
     00008253  A$stm8s_clk$265                    stm8s_clk
     00008253  Sstm8s_clk$CLK_HSICmd$65           stm8s_clk
     00008255  A$stm8s_clk$267                    stm8s_clk
     00008255  Sstm8s_clk$CLK_HSICmd$66           stm8s_clk
     00008257  A$stm8s_clk$269                    stm8s_clk
     00008257  Sstm8s_clk$CLK_HSICmd$67           stm8s_clk
     00008259  A$stm8s_clk$271                    stm8s_clk
ASxxxx Linker V03.00 + NoICE + sdld,  page 18.
Hexadecimal  [32-Bits]

Area                                    Addr        Size        Decimal Bytes (Attributes)
--------------------------------        ----        ----        ------- ----- ------------
CODE                                000080C9    000009CC =        2508. bytes (REL,CON)

      Value  Global                              Global Defined In Module
      -----  --------------------------------   ------------------------
     00008259  Sstm8s_clk$CLK_HSICmd$68           stm8s_clk
     0000825C  A$stm8s_clk$272                    stm8s_clk
     0000825E  A$stm8s_clk$277                    stm8s_clk
     0000825E  Sstm8s_clk$CLK_HSICmd$69           stm8s_clk
     0000825E  Sstm8s_clk$CLK_HSICmd$70           stm8s_clk
     00008261  A$stm8s_clk$280                    stm8s_clk
     00008261  Sstm8s_clk$CLK_HSICmd$71           stm8s_clk
     00008263  A$stm8s_clk$281                    stm8s_clk
     00008265  A$stm8s_clk$285                    stm8s_clk
     00008265  Sstm8s_clk$CLK_HSICmd$72           stm8s_clk
     00008265  Sstm8s_clk$CLK_HSICmd$73           stm8s_clk
     00008267  A$stm8s_clk$286                    stm8s_clk
     0000826A  A$stm8s_clk$288                    stm8s_clk
     0000826A  Sstm8s_clk$CLK_HSICmd$74           stm8s_clk
     0000826C  A$stm8s_clk$293                    stm8s_clk
     0000826C  Sstm8s_clk$CLK_HSICmd$75           stm8s_clk
     0000826C  Sstm8s_clk$CLK_HSICmd$76           stm8s_clk
     0000826E  A$stm8s_clk$294                    stm8s_clk
     00008271  A$stm8s_clk$301                    stm8s_clk
     00008271  Sstm8s_clk$CLK_HSICmd$77           stm8s_clk
     00008271  Sstm8s_clk$CLK_HSICmd$78           stm8s_clk
     00008271  Sstm8s_clk$CLK_HSICmd$79           stm8s_clk
     00008271  XG$CLK_HSICmd$0$0                  stm8s_clk
     00008272  A$stm8s_clk$312                    stm8s_clk
     00008272  Sstm8s_clk$CLK_HSICmd$80           stm8s_clk
     00008272  Sstm8s_clk$CLK_LSICmd$81           stm8s_clk
     00008272  Sstm8s_clk$CLK_LSICmd$82           stm8s_clk
     00008272  Sstm8s_clk$CLK_LSICmd$83           stm8s_clk
     00008272  _CLK_LSICmd                        stm8s_clk
     00008274  A$stm8s_clk$313                    stm8s_clk
     00008276  A$stm8s_clk$314                    stm8s_clk
     00008278  A$stm8s_clk$315                    stm8s_clk
     00008279  A$stm8s_clk$316                    stm8s_clk
     0000827B  A$stm8s_clk$318                    stm8s_clk
     0000827B  Sstm8s_clk$CLK_LSICmd$84           stm8s_clk
     0000827D  A$stm8s_clk$320                    stm8s_clk
     0000827D  Sstm8s_clk$CLK_LSICmd$85           stm8s_clk
     0000827E  A$stm8s_clk$321                    stm8s_clk
     0000827F  A$stm8s_clk$323                    stm8s_clk
     0000827F  Sstm8s_clk$CLK_LSICmd$86           stm8s_clk
     00008281  A$stm8s_clk$325                    stm8s_clk
     00008281  Sstm8s_clk$CLK_LSICmd$87           stm8s_clk
     00008283  A$stm8s_clk$327                    stm8s_clk
     00008283  Sstm8s_clk$CLK_LSICmd$88           stm8s_clk
     00008285  A$stm8s_clk$329                    stm8s_clk
     00008285  Sstm8s_clk$CLK_LSICmd$89           stm8s_clk
     00008288  A$stm8s_clk$330                    stm8s_clk
     0000828A  A$stm8s_clk$335                    stm8s_clk
     0000828A  Sstm8s_clk$CLK_LSICmd$90           stm8s_clk
     0000828A  Sstm8s_clk$CLK_LSICmd$91           stm8s_clk
     0000828D  A$stm8s_clk$338                    stm8s_clk
ASxxxx Linker V03.00 + NoICE + sdld,  page 19.
Hexadecimal  [32-Bits]

Area                                    Addr        Size        Decimal Bytes (Attributes)
--------------------------------        ----        ----        ------- ----- ------------
CODE                                000080C9    000009CC =        2508. bytes (REL,CON)

      Value  Global                              Global Defined In Module
      -----  --------------------------------   ------------------------
     0000828D  Sstm8s_clk$CLK_LSICmd$92           stm8s_clk
     0000828F  A$stm8s_clk$339                    stm8s_clk
     00008291  A$stm8s_clk$343                    stm8s_clk
     00008291  Sstm8s_clk$CLK_LSICmd$93           stm8s_clk
     00008291  Sstm8s_clk$CLK_LSICmd$94           stm8s_clk
     00008293  A$stm8s_clk$344                    stm8s_clk
     00008296  A$stm8s_clk$346                    stm8s_clk
     00008296  Sstm8s_clk$CLK_LSICmd$95           stm8s_clk
     00008298  A$stm8s_clk$351                    stm8s_clk
     00008298  Sstm8s_clk$CLK_LSICmd$96           stm8s_clk
     00008298  Sstm8s_clk$CLK_LSICmd$97           stm8s_clk
     0000829A  A$stm8s_clk$352                    stm8s_clk
     0000829D  A$stm8s_clk$359                    stm8s_clk
     0000829D  Sstm8s_clk$CLK_LSICmd$100          stm8s_clk
     0000829D  Sstm8s_clk$CLK_LSICmd$98           stm8s_clk
     0000829D  Sstm8s_clk$CLK_LSICmd$99           stm8s_clk
     0000829D  XG$CLK_LSICmd$0$0                  stm8s_clk
     0000829E  A$stm8s_clk$370                    stm8s_clk
     0000829E  Sstm8s_clk$CLK_CCOCmd$102          stm8s_clk
     0000829E  Sstm8s_clk$CLK_CCOCmd$103          stm8s_clk
     0000829E  Sstm8s_clk$CLK_CCOCmd$104          stm8s_clk
     0000829E  Sstm8s_clk$CLK_LSICmd$101          stm8s_clk
     0000829E  _CLK_CCOCmd                        stm8s_clk
     000082A0  A$stm8s_clk$371                    stm8s_clk
     000082A2  A$stm8s_clk$372                    stm8s_clk
     000082A4  A$stm8s_clk$373                    stm8s_clk
     000082A5  A$stm8s_clk$374                    stm8s_clk
     000082A7  A$stm8s_clk$376                    stm8s_clk
     000082A7  Sstm8s_clk$CLK_CCOCmd$105          stm8s_clk
     000082A9  A$stm8s_clk$378                    stm8s_clk
     000082A9  Sstm8s_clk$CLK_CCOCmd$106          stm8s_clk
     000082AA  A$stm8s_clk$379                    stm8s_clk
     000082AB  A$stm8s_clk$381                    stm8s_clk
     000082AB  Sstm8s_clk$CLK_CCOCmd$107          stm8s_clk
     000082AD  A$stm8s_clk$383                    stm8s_clk
     000082AD  Sstm8s_clk$CLK_CCOCmd$108          stm8s_clk
     000082AF  A$stm8s_clk$385                    stm8s_clk
     000082AF  Sstm8s_clk$CLK_CCOCmd$109          stm8s_clk
     000082B1  A$stm8s_clk$387                    stm8s_clk
     000082B1  Sstm8s_clk$CLK_CCOCmd$110          stm8s_clk
     000082B4  A$stm8s_clk$388                    stm8s_clk
     000082B6  A$stm8s_clk$393                    stm8s_clk
     000082B6  Sstm8s_clk$CLK_CCOCmd$111          stm8s_clk
     000082B6  Sstm8s_clk$CLK_CCOCmd$112          stm8s_clk
     000082B9  A$stm8s_clk$396                    stm8s_clk
     000082B9  Sstm8s_clk$CLK_CCOCmd$113          stm8s_clk
     000082BB  A$stm8s_clk$397                    stm8s_clk
     000082BD  A$stm8s_clk$401                    stm8s_clk
     000082BD  Sstm8s_clk$CLK_CCOCmd$114          stm8s_clk
     000082BD  Sstm8s_clk$CLK_CCOCmd$115          stm8s_clk
     000082BF  A$stm8s_clk$402                    stm8s_clk
ASxxxx Linker V03.00 + NoICE + sdld,  page 20.
Hexadecimal  [32-Bits]

Area                                    Addr        Size        Decimal Bytes (Attributes)
--------------------------------        ----        ----        ------- ----- ------------
CODE                                000080C9    000009CC =        2508. bytes (REL,CON)

      Value  Global                              Global Defined In Module
      -----  --------------------------------   ------------------------
     000082C2  A$stm8s_clk$404                    stm8s_clk
     000082C2  Sstm8s_clk$CLK_CCOCmd$116          stm8s_clk
     000082C4  A$stm8s_clk$409                    stm8s_clk
     000082C4  Sstm8s_clk$CLK_CCOCmd$117          stm8s_clk
     000082C4  Sstm8s_clk$CLK_CCOCmd$118          stm8s_clk
     000082C6  A$stm8s_clk$410                    stm8s_clk
     000082C9  A$stm8s_clk$417                    stm8s_clk
     000082C9  Sstm8s_clk$CLK_CCOCmd$119          stm8s_clk
     000082C9  Sstm8s_clk$CLK_CCOCmd$120          stm8s_clk
     000082C9  Sstm8s_clk$CLK_CCOCmd$121          stm8s_clk
     000082C9  XG$CLK_CCOCmd$0$0                  stm8s_clk
     000082CA  A$stm8s_clk$428                    stm8s_clk
     000082CA  Sstm8s_clk$CLK_CCOCmd$122          stm8s_clk
     000082CA  Sstm8s_clk$CLK_ClockSwitchCmd$12   stm8s_clk
     000082CA  Sstm8s_clk$CLK_ClockSwitchCmd$12   stm8s_clk
     000082CA  Sstm8s_clk$CLK_ClockSwitchCmd$12   stm8s_clk
     000082CA  _CLK_ClockSwitchCmd                stm8s_clk
     000082CC  A$stm8s_clk$429                    stm8s_clk
     000082CE  A$stm8s_clk$430                    stm8s_clk
     000082D0  A$stm8s_clk$431                    stm8s_clk
     000082D1  A$stm8s_clk$432                    stm8s_clk
     000082D3  A$stm8s_clk$434                    stm8s_clk
     000082D3  Sstm8s_clk$CLK_ClockSwitchCmd$12   stm8s_clk
     000082D5  A$stm8s_clk$436                    stm8s_clk
     000082D5  Sstm8s_clk$CLK_ClockSwitchCmd$12   stm8s_clk
     000082D6  A$stm8s_clk$437                    stm8s_clk
     000082D7  A$stm8s_clk$439                    stm8s_clk
     000082D7  Sstm8s_clk$CLK_ClockSwitchCmd$12   stm8s_clk
     000082D9  A$stm8s_clk$441                    stm8s_clk
     000082D9  Sstm8s_clk$CLK_ClockSwitchCmd$12   stm8s_clk
     000082DB  A$stm8s_clk$443                    stm8s_clk
     000082DB  Sstm8s_clk$CLK_ClockSwitchCmd$13   stm8s_clk
     000082DD  A$stm8s_clk$445                    stm8s_clk
     000082DD  Sstm8s_clk$CLK_ClockSwitchCmd$13   stm8s_clk
     000082E0  A$stm8s_clk$446                    stm8s_clk
     000082E2  A$stm8s_clk$451                    stm8s_clk
     000082E2  Sstm8s_clk$CLK_ClockSwitchCmd$13   stm8s_clk
     000082E2  Sstm8s_clk$CLK_ClockSwitchCmd$13   stm8s_clk
     000082E5  A$stm8s_clk$454                    stm8s_clk
     000082E5  Sstm8s_clk$CLK_ClockSwitchCmd$13   stm8s_clk
     000082E7  A$stm8s_clk$455                    stm8s_clk
     000082E9  A$stm8s_clk$459                    stm8s_clk
     000082E9  Sstm8s_clk$CLK_ClockSwitchCmd$13   stm8s_clk
     000082E9  Sstm8s_clk$CLK_ClockSwitchCmd$13   stm8s_clk
     000082EB  A$stm8s_clk$460                    stm8s_clk
     000082EE  A$stm8s_clk$462                    stm8s_clk
     000082EE  Sstm8s_clk$CLK_ClockSwitchCmd$13   stm8s_clk
     000082F0  A$stm8s_clk$467                    stm8s_clk
     000082F0  Sstm8s_clk$CLK_ClockSwitchCmd$13   stm8s_clk
     000082F0  Sstm8s_clk$CLK_ClockSwitchCmd$13   stm8s_clk
     000082F2  A$stm8s_clk$468                    stm8s_clk
ASxxxx Linker V03.00 + NoICE + sdld,  page 21.
Hexadecimal  [32-Bits]

Area                                    Addr        Size        Decimal Bytes (Attributes)
--------------------------------        ----        ----        ------- ----- ------------
CODE                                000080C9    000009CC =        2508. bytes (REL,CON)

      Value  Global                              Global Defined In Module
      -----  --------------------------------   ------------------------
     000082F5  A$stm8s_clk$475                    stm8s_clk
     000082F5  Sstm8s_clk$CLK_ClockSwitchCmd$14   stm8s_clk
     000082F5  Sstm8s_clk$CLK_ClockSwitchCmd$14   stm8s_clk
     000082F5  Sstm8s_clk$CLK_ClockSwitchCmd$14   stm8s_clk
     000082F5  XG$CLK_ClockSwitchCmd$0$0          stm8s_clk
     000082F6  A$stm8s_clk$486                    stm8s_clk
     000082F6  Sstm8s_clk$CLK_ClockSwitchCmd$14   stm8s_clk
     000082F6  Sstm8s_clk$CLK_SlowActiveHaltWak   stm8s_clk
     000082F6  Sstm8s_clk$CLK_SlowActiveHaltWak   stm8s_clk
     000082F6  Sstm8s_clk$CLK_SlowActiveHaltWak   stm8s_clk
     000082F6  _CLK_SlowActiveHaltWakeUpCmd       stm8s_clk
     000082F8  A$stm8s_clk$487                    stm8s_clk
     000082FA  A$stm8s_clk$488                    stm8s_clk
     000082FC  A$stm8s_clk$489                    stm8s_clk
     000082FD  A$stm8s_clk$490                    stm8s_clk
     000082FF  A$stm8s_clk$492                    stm8s_clk
     000082FF  Sstm8s_clk$CLK_SlowActiveHaltWak   stm8s_clk
     00008301  A$stm8s_clk$494                    stm8s_clk
     00008301  Sstm8s_clk$CLK_SlowActiveHaltWak   stm8s_clk
     00008302  A$stm8s_clk$495                    stm8s_clk
     00008303  A$stm8s_clk$497                    stm8s_clk
     00008303  Sstm8s_clk$CLK_SlowActiveHaltWak   stm8s_clk
     00008305  A$stm8s_clk$499                    stm8s_clk
     00008305  Sstm8s_clk$CLK_SlowActiveHaltWak   stm8s_clk
     00008307  A$stm8s_clk$501                    stm8s_clk
     00008307  Sstm8s_clk$CLK_SlowActiveHaltWak   stm8s_clk
     00008309  A$stm8s_clk$503                    stm8s_clk
     00008309  Sstm8s_clk$CLK_SlowActiveHaltWak   stm8s_clk
     0000830C  A$stm8s_clk$504                    stm8s_clk
     0000830E  A$stm8s_clk$509                    stm8s_clk
     0000830E  Sstm8s_clk$CLK_SlowActiveHaltWak   stm8s_clk
     0000830E  Sstm8s_clk$CLK_SlowActiveHaltWak   stm8s_clk
     00008311  A$stm8s_clk$512                    stm8s_clk
     00008311  Sstm8s_clk$CLK_SlowActiveHaltWak   stm8s_clk
     00008313  A$stm8s_clk$513                    stm8s_clk
     00008315  A$stm8s_clk$517                    stm8s_clk
     00008315  Sstm8s_clk$CLK_SlowActiveHaltWak   stm8s_clk
     00008315  Sstm8s_clk$CLK_SlowActiveHaltWak   stm8s_clk
     00008317  A$stm8s_clk$518                    stm8s_clk
     0000831A  A$stm8s_clk$520                    stm8s_clk
     0000831A  Sstm8s_clk$CLK_SlowActiveHaltWak   stm8s_clk
     0000831C  A$stm8s_clk$525                    stm8s_clk
     0000831C  Sstm8s_clk$CLK_SlowActiveHaltWak   stm8s_clk
     0000831C  Sstm8s_clk$CLK_SlowActiveHaltWak   stm8s_clk
     0000831E  A$stm8s_clk$526                    stm8s_clk
     00008321  A$stm8s_clk$533                    stm8s_clk
     00008321  Sstm8s_clk$CLK_SlowActiveHaltWak   stm8s_clk
     00008321  Sstm8s_clk$CLK_SlowActiveHaltWak   stm8s_clk
     00008321  Sstm8s_clk$CLK_SlowActiveHaltWak   stm8s_clk
     00008321  XG$CLK_SlowActiveHaltWakeUpCmd$0   stm8s_clk
     00008322  A$stm8s_clk$542                    stm8s_clk
ASxxxx Linker V03.00 + NoICE + sdld,  page 22.
Hexadecimal  [32-Bits]

Area                                    Addr        Size        Decimal Bytes (Attributes)
--------------------------------        ----        ----        ------- ----- ------------
CODE                                000080C9    000009CC =        2508. bytes (REL,CON)

      Value  Global                              Global Defined In Module
      -----  --------------------------------   ------------------------
     00008322  Sstm8s_clk$CLK_PeripheralClockCo   stm8s_clk
     00008322  Sstm8s_clk$CLK_PeripheralClockCo   stm8s_clk
     00008322  Sstm8s_clk$CLK_SlowActiveHaltWak   stm8s_clk
     00008322  _CLK_PeripheralClockConfig         stm8s_clk
     00008323  A$stm8s_clk$546                    stm8s_clk
     00008323  Sstm8s_clk$CLK_PeripheralClockCo   stm8s_clk
     00008323  Sstm8s_clk$CLK_PeripheralClockCo   stm8s_clk
     00008325  A$stm8s_clk$547                    stm8s_clk
     00008327  A$stm8s_clk$548                    stm8s_clk
     00008329  A$stm8s_clk$549                    stm8s_clk
     0000832A  A$stm8s_clk$550                    stm8s_clk
     0000832C  A$stm8s_clk$552                    stm8s_clk
     0000832C  Sstm8s_clk$CLK_PeripheralClockCo   stm8s_clk
     0000832E  A$stm8s_clk$554                    stm8s_clk
     0000832E  Sstm8s_clk$CLK_PeripheralClockCo   stm8s_clk
     00008330  A$stm8s_clk$556                    stm8s_clk
     00008330  Sstm8s_clk$CLK_PeripheralClockCo   stm8s_clk
     00008331  A$stm8s_clk$557                    stm8s_clk
     00008332  A$stm8s_clk$559                    stm8s_clk
     00008332  Sstm8s_clk$CLK_PeripheralClockCo   stm8s_clk
     00008334  A$stm8s_clk$561                    stm8s_clk
     00008334  Sstm8s_clk$CLK_PeripheralClockCo   stm8s_clk
     00008336  A$stm8s_clk$563                    stm8s_clk
     00008336  Sstm8s_clk$CLK_PeripheralClockCo   stm8s_clk
     00008339  A$stm8s_clk$564                    stm8s_clk
     0000833B  A$stm8s_clk$569                    stm8s_clk
     0000833B  Sstm8s_clk$CLK_PeripheralClockCo   stm8s_clk
     0000833B  Sstm8s_clk$CLK_PeripheralClockCo   stm8s_clk
     0000833D  A$stm8s_clk$570                    stm8s_clk
     0000833F  A$stm8s_clk$571                    stm8s_clk
     00008342  A$stm8s_clk$573                    stm8s_clk
     00008344  A$stm8s_clk$574                    stm8s_clk
     00008345  A$stm8s_clk$575                    stm8s_clk
     00008347  A$stm8s_clk$576                    stm8s_clk
     0000834A  A$stm8s_clk$579                    stm8s_clk
     0000834A  Sstm8s_clk$CLK_PeripheralClockCo   stm8s_clk
     0000834C  A$stm8s_clk$580                    stm8s_clk
     0000834E  A$stm8s_clk$581                    stm8s_clk
     00008350  A$stm8s_clk$582                    stm8s_clk
     00008352  A$stm8s_clk$585                    stm8s_clk
     00008353  A$stm8s_clk$588                    stm8s_clk
     00008353  Sstm8s_clk$CLK_PeripheralClockCo   stm8s_clk
     00008354  A$stm8s_clk$589                    stm8s_clk
     00008356  A$stm8s_clk$590                    stm8s_clk
     00008359  A$stm8s_clk$592                    stm8s_clk
     0000835A  A$stm8s_clk$593                    stm8s_clk
     0000835C  A$stm8s_clk$594                    stm8s_clk
     0000835F  A$stm8s_clk$596                    stm8s_clk
     00008361  A$stm8s_clk$597                    stm8s_clk
     00008363  A$stm8s_clk$598                    stm8s_clk
     00008365  A$stm8s_clk$599                    stm8s_clk
ASxxxx Linker V03.00 + NoICE + sdld,  page 23.
Hexadecimal  [32-Bits]

Area                                    Addr        Size        Decimal Bytes (Attributes)
--------------------------------        ----        ----        ------- ----- ------------
CODE                                000080C9    000009CC =        2508. bytes (REL,CON)

      Value  Global                              Global Defined In Module
      -----  --------------------------------   ------------------------
     00008368  A$stm8s_clk$602                    stm8s_clk
     00008368  Sstm8s_clk$CLK_PeripheralClockCo   stm8s_clk
     0000836A  A$stm8s_clk$603                    stm8s_clk
     0000836C  A$stm8s_clk$604                    stm8s_clk
     0000836E  A$stm8s_clk$605                    stm8s_clk
     0000836F  A$stm8s_clk$606                    stm8s_clk
     00008370  A$stm8s_clk$607                    stm8s_clk
     00008372  A$stm8s_clk$609                    stm8s_clk
     00008373  A$stm8s_clk$610                    stm8s_clk
     00008374  A$stm8s_clk$613                    stm8s_clk
     00008374  Sstm8s_clk$CLK_PeripheralClockCo   stm8s_clk
     00008375  A$stm8s_clk$614                    stm8s_clk
     00008376  A$stm8s_clk$615                    stm8s_clk
     00008378  A$stm8s_clk$616                    stm8s_clk
     0000837B  A$stm8s_clk$618                    stm8s_clk
     0000837D  A$stm8s_clk$619                    stm8s_clk
     0000837F  A$stm8s_clk$620                    stm8s_clk
     00008381  A$stm8s_clk$621                    stm8s_clk
     00008383  A$stm8s_clk$624                    stm8s_clk
     00008384  A$stm8s_clk$627                    stm8s_clk
     00008384  Sstm8s_clk$CLK_PeripheralClockCo   stm8s_clk
     00008385  A$stm8s_clk$628                    stm8s_clk
     00008387  A$stm8s_clk$629                    stm8s_clk
     00008388  A$stm8s_clk$630                    stm8s_clk
     0000838A  A$stm8s_clk$631                    stm8s_clk
     0000838B  A$stm8s_clk$632                    stm8s_clk
     0000838C  A$stm8s_clk$633                    stm8s_clk
     0000838E  A$stm8s_clk$634                    stm8s_clk
     00008390  A$stm8s_clk$635                    stm8s_clk
     00008392  A$stm8s_clk$636                    stm8s_clk
     00008394  A$stm8s_clk$638                    stm8s_clk
     00008394  Sstm8s_clk$CLK_PeripheralClockCo   stm8s_clk
     00008396  A$stm8s_clk$639                    stm8s_clk
     00008398  A$stm8s_clk$640                    stm8s_clk
     0000839A  A$stm8s_clk$642                    stm8s_clk
     0000839A  Sstm8s_clk$CLK_PeripheralClockCo   stm8s_clk
     0000839C  A$stm8s_clk$643                    stm8s_clk
     0000839E  A$stm8s_clk$644                    stm8s_clk
     000083A0  A$stm8s_clk$646                    stm8s_clk
     000083A0  Sstm8s_clk$CLK_PeripheralClockCo   stm8s_clk
     000083A2  A$stm8s_clk$647                    stm8s_clk
     000083A4  A$stm8s_clk$648                    stm8s_clk
     000083A6  A$stm8s_clk$650                    stm8s_clk
     000083A6  Sstm8s_clk$CLK_PeripheralClockCo   stm8s_clk
     000083A8  A$stm8s_clk$651                    stm8s_clk
     000083AA  A$stm8s_clk$652                    stm8s_clk
     000083AC  A$stm8s_clk$654                    stm8s_clk
     000083AC  Sstm8s_clk$CLK_PeripheralClockCo   stm8s_clk
     000083AE  A$stm8s_clk$656                    stm8s_clk
     000083AE  Sstm8s_clk$CLK_PeripheralClockCo   stm8s_clk
     000083B0  A$stm8s_clk$658                    stm8s_clk
ASxxxx Linker V03.00 + NoICE + sdld,  page 24.
Hexadecimal  [32-Bits]

Area                                    Addr        Size        Decimal Bytes (Attributes)
--------------------------------        ----        ----        ------- ----- ------------
CODE                                000080C9    000009CC =        2508. bytes (REL,CON)

      Value  Global                              Global Defined In Module
      -----  --------------------------------   ------------------------
     000083B0  Sstm8s_clk$CLK_PeripheralClockCo   stm8s_clk
     000083B1  A$stm8s_clk$659                    stm8s_clk
     000083B2  A$stm8s_clk$661                    stm8s_clk
     000083B2  Sstm8s_clk$CLK_PeripheralClockCo   stm8s_clk
     000083B4  A$stm8s_clk$663                    stm8s_clk
     000083B4  Sstm8s_clk$CLK_PeripheralClockCo   stm8s_clk
     000083B6  A$stm8s_clk$665                    stm8s_clk
     000083B6  Sstm8s_clk$CLK_PeripheralClockCo   stm8s_clk
     000083B9  A$stm8s_clk$666                    stm8s_clk
     000083BB  A$stm8s_clk$671                    stm8s_clk
     000083BB  Sstm8s_clk$CLK_PeripheralClockCo   stm8s_clk
     000083BB  Sstm8s_clk$CLK_PeripheralClockCo   stm8s_clk
     000083BD  A$stm8s_clk$672                    stm8s_clk
     000083BF  A$stm8s_clk$673                    stm8s_clk
     000083C0  A$stm8s_clk$675                    stm8s_clk
     000083C0  Sstm8s_clk$CLK_PeripheralClockCo   stm8s_clk
     000083C2  A$stm8s_clk$676                    stm8s_clk
     000083C4  A$stm8s_clk$677                    stm8s_clk
     000083C5  A$stm8s_clk$679                    stm8s_clk
     000083C5  Sstm8s_clk$CLK_PeripheralClockCo   stm8s_clk
     000083C6  A$stm8s_clk$680                    stm8s_clk
     000083C8  A$stm8s_clk$682                    stm8s_clk
     000083CA  A$stm8s_clk$683                    stm8s_clk
     000083CB  A$stm8s_clk$684                    stm8s_clk
     000083CD  A$stm8s_clk$688                    stm8s_clk
     000083CD  Sstm8s_clk$CLK_PeripheralClockCo   stm8s_clk
     000083CF  A$stm8s_clk$689                    stm8s_clk
     000083D0  A$stm8s_clk$690                    stm8s_clk
     000083D2  A$stm8s_clk$693                    stm8s_clk
     000083D2  Sstm8s_clk$CLK_PeripheralClockCo   stm8s_clk
     000083D4  A$stm8s_clk$694                    stm8s_clk
     000083D6  A$stm8s_clk$695                    stm8s_clk
     000083D8  A$stm8s_clk$698                    stm8s_clk
     000083D8  Sstm8s_clk$CLK_PeripheralClockCo   stm8s_clk
     000083DB  A$stm8s_clk$702                    stm8s_clk
     000083DB  Sstm8s_clk$CLK_PeripheralClockCo   stm8s_clk
     000083DB  Sstm8s_clk$CLK_PeripheralClockCo   stm8s_clk
     000083DD  A$stm8s_clk$703                    stm8s_clk
     000083DF  A$stm8s_clk$707                    stm8s_clk
     000083DF  Sstm8s_clk$CLK_PeripheralClockCo   stm8s_clk
     000083DF  Sstm8s_clk$CLK_PeripheralClockCo   stm8s_clk
     000083E1  A$stm8s_clk$708                    stm8s_clk
     000083E4  A$stm8s_clk$710                    stm8s_clk
     000083E4  Sstm8s_clk$CLK_PeripheralClockCo   stm8s_clk
     000083E6  A$stm8s_clk$715                    stm8s_clk
     000083E6  Sstm8s_clk$CLK_PeripheralClockCo   stm8s_clk
     000083E6  Sstm8s_clk$CLK_PeripheralClockCo   stm8s_clk
     000083E8  A$stm8s_clk$716                    stm8s_clk
     000083EB  A$stm8s_clk$718                    stm8s_clk
     000083EB  Sstm8s_clk$CLK_PeripheralClockCo   stm8s_clk
     000083ED  A$stm8s_clk$722                    stm8s_clk
ASxxxx Linker V03.00 + NoICE + sdld,  page 25.
Hexadecimal  [32-Bits]

Area                                    Addr        Size        Decimal Bytes (Attributes)
--------------------------------        ----        ----        ------- ----- ------------
CODE                                000080C9    000009CC =        2508. bytes (REL,CON)

      Value  Global                              Global Defined In Module
      -----  --------------------------------   ------------------------
     000083ED  Sstm8s_clk$CLK_PeripheralClockCo   stm8s_clk
     000083F0  A$stm8s_clk$726                    stm8s_clk
     000083F0  Sstm8s_clk$CLK_PeripheralClockCo   stm8s_clk
     000083F0  Sstm8s_clk$CLK_PeripheralClockCo   stm8s_clk
     000083F2  A$stm8s_clk$727                    stm8s_clk
     000083F4  A$stm8s_clk$731                    stm8s_clk
     000083F4  Sstm8s_clk$CLK_PeripheralClockCo   stm8s_clk
     000083F4  Sstm8s_clk$CLK_PeripheralClockCo   stm8s_clk
     000083F6  A$stm8s_clk$732                    stm8s_clk
     000083F9  A$stm8s_clk$734                    stm8s_clk
     000083F9  Sstm8s_clk$CLK_PeripheralClockCo   stm8s_clk
     000083FB  A$stm8s_clk$739                    stm8s_clk
     000083FB  Sstm8s_clk$CLK_PeripheralClockCo   stm8s_clk
     000083FB  Sstm8s_clk$CLK_PeripheralClockCo   stm8s_clk
     000083FD  A$stm8s_clk$740                    stm8s_clk
     00008400  A$stm8s_clk$745                    stm8s_clk
     00008400  Sstm8s_clk$CLK_PeripheralClockCo   stm8s_clk
     00008400  Sstm8s_clk$CLK_PeripheralClockCo   stm8s_clk
     00008401  A$stm8s_clk$749                    stm8s_clk
     00008401  Sstm8s_clk$CLK_PeripheralClockCo   stm8s_clk
     00008401  Sstm8s_clk$CLK_PeripheralClockCo   stm8s_clk
     00008401  XG$CLK_PeripheralClockConfig$0$0   stm8s_clk
     00008402  A$stm8s_clk$758                    stm8s_clk
     00008402  Sstm8s_clk$CLK_ClockSwitchConfig   stm8s_clk
     00008402  Sstm8s_clk$CLK_ClockSwitchConfig   stm8s_clk
     00008402  Sstm8s_clk$CLK_PeripheralClockCo   stm8s_clk
     00008402  _CLK_ClockSwitchConfig             stm8s_clk
     00008403  A$stm8s_clk$762                    stm8s_clk
     00008403  Sstm8s_clk$CLK_ClockSwitchConfig   stm8s_clk
     00008403  Sstm8s_clk$CLK_ClockSwitchConfig   stm8s_clk
     00008405  A$stm8s_clk$763                    stm8s_clk
     00008407  A$stm8s_clk$764                    stm8s_clk
     00008409  A$stm8s_clk$766                    stm8s_clk
     00008409  Sstm8s_clk$CLK_ClockSwitchConfig   stm8s_clk
     0000840B  A$stm8s_clk$767                    stm8s_clk
     0000840D  A$stm8s_clk$768                    stm8s_clk
     0000840F  A$stm8s_clk$770                    stm8s_clk
     0000840F  Sstm8s_clk$CLK_ClockSwitchConfig   stm8s_clk
     00008411  A$stm8s_clk$771                    stm8s_clk
     00008413  A$stm8s_clk$772                    stm8s_clk
     00008415  A$stm8s_clk$774                    stm8s_clk
     00008415  Sstm8s_clk$CLK_ClockSwitchConfig   stm8s_clk
     00008417  A$stm8s_clk$776                    stm8s_clk
     00008417  Sstm8s_clk$CLK_ClockSwitchConfig   stm8s_clk
     00008419  A$stm8s_clk$778                    stm8s_clk
     00008419  Sstm8s_clk$CLK_ClockSwitchConfig   stm8s_clk
     0000841A  A$stm8s_clk$779                    stm8s_clk
     0000841B  A$stm8s_clk$781                    stm8s_clk
     0000841B  Sstm8s_clk$CLK_ClockSwitchConfig   stm8s_clk
     0000841D  A$stm8s_clk$783                    stm8s_clk
     0000841D  Sstm8s_clk$CLK_ClockSwitchConfig   stm8s_clk
ASxxxx Linker V03.00 + NoICE + sdld,  page 26.
Hexadecimal  [32-Bits]

Area                                    Addr        Size        Decimal Bytes (Attributes)
--------------------------------        ----        ----        ------- ----- ------------
CODE                                000080C9    000009CC =        2508. bytes (REL,CON)

      Value  Global                              Global Defined In Module
      -----  --------------------------------   ------------------------
     0000841F  A$stm8s_clk$785                    stm8s_clk
     0000841F  Sstm8s_clk$CLK_ClockSwitchConfig   stm8s_clk
     00008422  A$stm8s_clk$786                    stm8s_clk
     00008424  A$stm8s_clk$791                    stm8s_clk
     00008424  Sstm8s_clk$CLK_ClockSwitchConfig   stm8s_clk
     00008424  Sstm8s_clk$CLK_ClockSwitchConfig   stm8s_clk
     00008426  A$stm8s_clk$792                    stm8s_clk
     00008427  A$stm8s_clk$793                    stm8s_clk
     00008429  A$stm8s_clk$794                    stm8s_clk
     0000842B  A$stm8s_clk$795                    stm8s_clk
     0000842E  A$stm8s_clk$798                    stm8s_clk
     00008430  A$stm8s_clk$801                    stm8s_clk
     00008430  Sstm8s_clk$CLK_ClockSwitchConfig   stm8s_clk
     00008432  A$stm8s_clk$802                    stm8s_clk
     00008434  A$stm8s_clk$803                    stm8s_clk
     00008436  A$stm8s_clk$804                    stm8s_clk
     00008438  A$stm8s_clk$805                    stm8s_clk
     0000843A  A$stm8s_clk$807                    stm8s_clk
     0000843A  Sstm8s_clk$CLK_ClockSwitchConfig   stm8s_clk
     0000843C  A$stm8s_clk$809                    stm8s_clk
     0000843C  Sstm8s_clk$CLK_ClockSwitchConfig   stm8s_clk
     0000843D  A$stm8s_clk$810                    stm8s_clk
     0000843E  A$stm8s_clk$812                    stm8s_clk
     0000843E  Sstm8s_clk$CLK_ClockSwitchConfig   stm8s_clk
     00008440  A$stm8s_clk$814                    stm8s_clk
     00008440  Sstm8s_clk$CLK_ClockSwitchConfig   stm8s_clk
     00008442  A$stm8s_clk$816                    stm8s_clk
     00008442  Sstm8s_clk$CLK_ClockSwitchConfig   stm8s_clk
     00008445  A$stm8s_clk$817                    stm8s_clk
     00008447  A$stm8s_clk$822                    stm8s_clk
     00008447  Sstm8s_clk$CLK_ClockSwitchConfig   stm8s_clk
     00008447  Sstm8s_clk$CLK_ClockSwitchConfig   stm8s_clk
     00008449  A$stm8s_clk$823                    stm8s_clk
     0000844B  A$stm8s_clk$824                    stm8s_clk
     0000844D  A$stm8s_clk$825                    stm8s_clk
     0000844E  A$stm8s_clk$826                    stm8s_clk
     00008450  A$stm8s_clk$828                    stm8s_clk
     00008450  Sstm8s_clk$CLK_ClockSwitchConfig   stm8s_clk
     00008452  A$stm8s_clk$830                    stm8s_clk
     00008452  Sstm8s_clk$CLK_ClockSwitchConfig   stm8s_clk
     00008454  A$stm8s_clk$832                    stm8s_clk
     00008454  Sstm8s_clk$CLK_ClockSwitchConfig   stm8s_clk
     00008455  A$stm8s_clk$833                    stm8s_clk
     00008456  A$stm8s_clk$835                    stm8s_clk
     00008456  Sstm8s_clk$CLK_ClockSwitchConfig   stm8s_clk
     00008458  A$stm8s_clk$837                    stm8s_clk
     00008458  Sstm8s_clk$CLK_ClockSwitchConfig   stm8s_clk
     0000845A  A$stm8s_clk$839                    stm8s_clk
     0000845A  Sstm8s_clk$CLK_ClockSwitchConfig   stm8s_clk
     0000845D  A$stm8s_clk$840                    stm8s_clk
     0000845F  A$stm8s_clk$845                    stm8s_clk
ASxxxx Linker V03.00 + NoICE + sdld,  page 27.
Hexadecimal  [32-Bits]

Area                                    Addr        Size        Decimal Bytes (Attributes)
--------------------------------        ----        ----        ------- ----- ------------
CODE                                000080C9    000009CC =        2508. bytes (REL,CON)

      Value  Global                              Global Defined In Module
      -----  --------------------------------   ------------------------
     0000845F  Sstm8s_clk$CLK_ClockSwitchConfig   stm8s_clk
     0000845F  Sstm8s_clk$CLK_ClockSwitchConfig   stm8s_clk
     00008461  A$stm8s_clk$846                    stm8s_clk
     00008463  A$stm8s_clk$847                    stm8s_clk
     00008465  A$stm8s_clk$848                    stm8s_clk
     00008466  A$stm8s_clk$849                    stm8s_clk
     00008468  A$stm8s_clk$851                    stm8s_clk
     00008468  Sstm8s_clk$CLK_ClockSwitchConfig   stm8s_clk
     0000846A  A$stm8s_clk$853                    stm8s_clk
     0000846A  Sstm8s_clk$CLK_ClockSwitchConfig   stm8s_clk
     0000846C  A$stm8s_clk$855                    stm8s_clk
     0000846C  Sstm8s_clk$CLK_ClockSwitchConfig   stm8s_clk
     0000846D  A$stm8s_clk$856                    stm8s_clk
     0000846E  A$stm8s_clk$858                    stm8s_clk
     0000846E  Sstm8s_clk$CLK_ClockSwitchConfig   stm8s_clk
     00008470  A$stm8s_clk$860                    stm8s_clk
     00008470  Sstm8s_clk$CLK_ClockSwitchConfig   stm8s_clk
     00008472  A$stm8s_clk$862                    stm8s_clk
[...]
     00008989  Sstm8s_gpio$GPIO_Init$54           stm8s_gpio
     0000898B  A$stm8s_gpio$259                   stm8s_gpio
     0000898B  Sstm8s_gpio$GPIO_Init$55           stm8s_gpio
     0000898B  Sstm8s_gpio$GPIO_Init$56           stm8s_gpio
     0000898D  A$stm8s_gpio$260                   stm8s_gpio
     0000898E  A$stm8s_gpio$261                   stm8s_gpio
     00008990  A$stm8s_gpio$262                   stm8s_gpio
     00008992  A$stm8s_gpio$263                   stm8s_gpio
     00008993  A$stm8s_gpio$268                   stm8s_gpio
     00008993  Sstm8s_gpio$GPIO_Init$57           stm8s_gpio
     00008993  Sstm8s_gpio$GPIO_Init$58           stm8s_gpio
     00008994  A$stm8s_gpio$269                   stm8s_gpio
     00008997  A$stm8s_gpio$270                   stm8s_gpio
     00008998  A$stm8s_gpio$273                   stm8s_gpio
     00008998  Sstm8s_gpio$GPIO_Init$59           stm8s_gpio
     00008999  A$stm8s_gpio$275                   stm8s_gpio
     00008999  Sstm8s_gpio$GPIO_Init$60           stm8s_gpio
     0000899B  A$stm8s_gpio$276                   stm8s_gpio
     0000899D  A$stm8s_gpio$277                   stm8s_gpio
     0000899E  A$stm8s_gpio$279                   stm8s_gpio
     0000899E  Sstm8s_gpio$GPIO_Init$61           stm8s_gpio
     000089A0  A$stm8s_gpio$283                   stm8s_gpio
     000089A0  Sstm8s_gpio$GPIO_Init$62           stm8s_gpio
     000089A0  Sstm8s_gpio$GPIO_Init$63           stm8s_gpio
     000089A2  A$stm8s_gpio$284                   stm8s_gpio
     000089A3  A$stm8s_gpio$286                   stm8s_gpio
     000089A3  Sstm8s_gpio$GPIO_Init$64           stm8s_gpio
     000089A5  A$stm8s_gpio$291                   stm8s_gpio
     000089A5  Sstm8s_gpio$GPIO_Init$65           stm8s_gpio
     000089A5  Sstm8s_gpio$GPIO_Init$66           stm8s_gpio
     000089A7  A$stm8s_gpio$292                   stm8s_gpio
     000089A8  A$stm8s_gpio$297                   stm8s_gpio
     000089A8  Sstm8s_gpio$GPIO_Init$67           stm8s_gpio
     000089A8  Sstm8s_gpio$GPIO_Init$68           stm8s_gpio
     000089AA  A$stm8s_gpio$298                   stm8s_gpio
     000089AB  A$stm8s_gpio$301                   stm8s_gpio
     000089AB  Sstm8s_gpio$GPIO_Init$69           stm8s_gpio
     000089AC  A$stm8s_gpio$303                   stm8s_gpio
     000089AC  Sstm8s_gpio$GPIO_Init$70           stm8s_gpio
     000089AE  A$stm8s_gpio$304                   stm8s_gpio
     000089B0  A$stm8s_gpio$305                   stm8s_gpio
     000089B1  A$stm8s_gpio$307                   stm8s_gpio
     000089B1  Sstm8s_gpio$GPIO_Init$71           stm8s_gpio
     000089B3  A$stm8s_gpio$311                   stm8s_gpio
     000089B3  Sstm8s_gpio$GPIO_Init$72           stm8s_gpio
     000089B3  Sstm8s_gpio$GPIO_Init$73           stm8s_gpio
     000089B5  A$stm8s_gpio$312                   stm8s_gpio
     000089B7  A$stm8s_gpio$313                   stm8s_gpio
     000089B8  A$stm8s_gpio$315                   stm8s_gpio
     000089B8  Sstm8s_gpio$GPIO_Init$74           stm8s_gpio
     000089BA  A$stm8s_gpio$320                   stm8s_gpio
ASxxxx Linker V03.00 + NoICE + sdld,  page 51.
Hexadecimal  [32-Bits]

Area                                    Addr        Size        Decimal Bytes (Attributes)
--------------------------------        ----        ----        ------- ----- ------------
CODE                                000080C9    000009CC =        2508. bytes (REL,CON)

      Value  Global                              Global Defined In Module
      -----  --------------------------------   ------------------------
     000089BA  Sstm8s_gpio$GPIO_Init$75           stm8s_gpio
     000089BA  Sstm8s_gpio$GPIO_Init$76           stm8s_gpio
     000089BC  A$stm8s_gpio$321                   stm8s_gpio
     000089BE  A$stm8s_gpio$322                   stm8s_gpio
     000089BF  A$stm8s_gpio$327                   stm8s_gpio
     000089BF  Sstm8s_gpio$GPIO_Init$77           stm8s_gpio
     000089BF  Sstm8s_gpio$GPIO_Init$78           stm8s_gpio
     000089C1  A$stm8s_gpio$331                   stm8s_gpio
     000089C1  Sstm8s_gpio$GPIO_Init$79           stm8s_gpio
     000089C1  Sstm8s_gpio$GPIO_Init$80           stm8s_gpio
     000089C1  XG$GPIO_Init$0$0                   stm8s_gpio
     000089C2  A$stm8s_gpio$342                   stm8s_gpio
     000089C2  Sstm8s_gpio$GPIO_Init$81           stm8s_gpio
     000089C2  Sstm8s_gpio$GPIO_Write$82          stm8s_gpio
     000089C2  Sstm8s_gpio$GPIO_Write$83          stm8s_gpio
     000089C2  Sstm8s_gpio$GPIO_Write$84          stm8s_gpio
     000089C2  _GPIO_Write                        stm8s_gpio
     000089C4  A$stm8s_gpio$343                   stm8s_gpio
     000089C6  A$stm8s_gpio$344                   stm8s_gpio
     000089C7  A$stm8s_gpio$349                   stm8s_gpio
     000089C7  Sstm8s_gpio$GPIO_Write$85          stm8s_gpio
     000089C7  Sstm8s_gpio$GPIO_Write$86          stm8s_gpio
     000089C7  XG$GPIO_Write$0$0                  stm8s_gpio
     000089C8  A$stm8s_gpio$360                   stm8s_gpio
     000089C8  Sstm8s_gpio$GPIO_Write$87          stm8s_gpio
     000089C8  Sstm8s_gpio$GPIO_WriteHigh$88      stm8s_gpio
     000089C8  Sstm8s_gpio$GPIO_WriteHigh$89      stm8s_gpio
     000089C8  Sstm8s_gpio$GPIO_WriteHigh$90      stm8s_gpio
     000089C8  _GPIO_WriteHigh                    stm8s_gpio
     000089CA  A$stm8s_gpio$361                   stm8s_gpio
     000089CB  A$stm8s_gpio$362                   stm8s_gpio
     000089CD  A$stm8s_gpio$363                   stm8s_gpio
     000089CE  A$stm8s_gpio$368                   stm8s_gpio
     000089CE  Sstm8s_gpio$GPIO_WriteHigh$91      stm8s_gpio
     000089CE  Sstm8s_gpio$GPIO_WriteHigh$92      stm8s_gpio
     000089CE  XG$GPIO_WriteHigh$0$0              stm8s_gpio
     000089CF  A$stm8s_gpio$377                   stm8s_gpio
     000089CF  Sstm8s_gpio$GPIO_WriteHigh$93      stm8s_gpio
     000089CF  Sstm8s_gpio$GPIO_WriteLow$94       stm8s_gpio
     000089CF  Sstm8s_gpio$GPIO_WriteLow$95       stm8s_gpio
     000089CF  _GPIO_WriteLow                     stm8s_gpio
     000089D0  A$stm8s_gpio$381                   stm8s_gpio
     000089D0  Sstm8s_gpio$GPIO_WriteLow$96       stm8s_gpio
     000089D0  Sstm8s_gpio$GPIO_WriteLow$97       stm8s_gpio
     000089D2  A$stm8s_gpio$382                   stm8s_gpio
     000089D3  A$stm8s_gpio$383                   stm8s_gpio
     000089D5  A$stm8s_gpio$384                   stm8s_gpio
     000089D7  A$stm8s_gpio$385                   stm8s_gpio
     000089D8  A$stm8s_gpio$386                   stm8s_gpio
     000089DA  A$stm8s_gpio$387                   stm8s_gpio
     000089DB  A$stm8s_gpio$390                   stm8s_gpio
ASxxxx Linker V03.00 + NoICE + sdld,  page 52.
Hexadecimal  [32-Bits]

Area                                    Addr        Size        Decimal Bytes (Attributes)
--------------------------------        ----        ----        ------- ----- ------------
CODE                                000080C9    000009CC =        2508. bytes (REL,CON)

      Value  Global                              Global Defined In Module
      -----  --------------------------------   ------------------------
     000089DB  Sstm8s_gpio$GPIO_WriteLow$98       stm8s_gpio
     000089DC  A$stm8s_gpio$394                   stm8s_gpio
     000089DC  Sstm8s_gpio$GPIO_WriteLow$100      stm8s_gpio
     000089DC  Sstm8s_gpio$GPIO_WriteLow$99       stm8s_gpio
     000089DC  XG$GPIO_WriteLow$0$0               stm8s_gpio
     000089DD  A$stm8s_gpio$405                   stm8s_gpio
     000089DD  Sstm8s_gpio$GPIO_WriteLow$101      stm8s_gpio
     000089DD  Sstm8s_gpio$GPIO_WriteReverse$10   stm8s_gpio
     000089DD  Sstm8s_gpio$GPIO_WriteReverse$10   stm8s_gpio
     000089DD  Sstm8s_gpio$GPIO_WriteReverse$10   stm8s_gpio
     000089DD  _GPIO_WriteReverse                 stm8s_gpio
     000089DF  A$stm8s_gpio$406                   stm8s_gpio
     000089E0  A$stm8s_gpio$407                   stm8s_gpio
     000089E2  A$stm8s_gpio$408                   stm8s_gpio
     000089E3  A$stm8s_gpio$413                   stm8s_gpio
     000089E3  Sstm8s_gpio$GPIO_WriteReverse$10   stm8s_gpio
     000089E3  Sstm8s_gpio$GPIO_WriteReverse$10   stm8s_gpio
     000089E3  XG$GPIO_WriteReverse$0$0           stm8s_gpio
     000089E4  A$stm8s_gpio$424                   stm8s_gpio
     000089E4  Sstm8s_gpio$GPIO_ReadOutputData$   stm8s_gpio
     000089E4  Sstm8s_gpio$GPIO_ReadOutputData$   stm8s_gpio
     000089E4  Sstm8s_gpio$GPIO_ReadOutputData$   stm8s_gpio
     000089E4  Sstm8s_gpio$GPIO_WriteReverse$10   stm8s_gpio
     000089E4  _GPIO_ReadOutputData               stm8s_gpio
     000089E6  A$stm8s_gpio$425                   stm8s_gpio
     000089E7  A$stm8s_gpio$430                   stm8s_gpio
     000089E7  Sstm8s_gpio$GPIO_ReadOutputData$   stm8s_gpio
     000089E7  Sstm8s_gpio$GPIO_ReadOutputData$   stm8s_gpio
     000089E7  XG$GPIO_ReadOutputData$0$0         stm8s_gpio
     000089E8  A$stm8s_gpio$441                   stm8s_gpio
     000089E8  Sstm8s_gpio$GPIO_ReadInputData$1   stm8s_gpio
     000089E8  Sstm8s_gpio$GPIO_ReadInputData$1   stm8s_gpio
     000089E8  Sstm8s_gpio$GPIO_ReadInputData$1   stm8s_gpio
     000089E8  Sstm8s_gpio$GPIO_ReadOutputData$   stm8s_gpio
     000089E8  _GPIO_ReadInputData                stm8s_gpio
     000089EA  A$stm8s_gpio$442                   stm8s_gpio
     000089EC  A$stm8s_gpio$447                   stm8s_gpio
     000089EC  Sstm8s_gpio$GPIO_ReadInputData$1   stm8s_gpio
     000089EC  Sstm8s_gpio$GPIO_ReadInputData$1   stm8s_gpio
     000089EC  XG$GPIO_ReadInputData$0$0          stm8s_gpio
     000089ED  A$stm8s_gpio$458                   stm8s_gpio
     000089ED  Sstm8s_gpio$GPIO_ReadInputData$1   stm8s_gpio
     000089ED  Sstm8s_gpio$GPIO_ReadInputPin$12   stm8s_gpio
     000089ED  Sstm8s_gpio$GPIO_ReadInputPin$12   stm8s_gpio
     000089ED  Sstm8s_gpio$GPIO_ReadInputPin$12   stm8s_gpio
     000089ED  _GPIO_ReadInputPin                 stm8s_gpio
     000089EF  A$stm8s_gpio$459                   stm8s_gpio
     000089F1  A$stm8s_gpio$460                   stm8s_gpio
     000089F3  A$stm8s_gpio$465                   stm8s_gpio
     000089F3  Sstm8s_gpio$GPIO_ReadInputPin$12   stm8s_gpio
     000089F3  Sstm8s_gpio$GPIO_ReadInputPin$12   stm8s_gpio
ASxxxx Linker V03.00 + NoICE + sdld,  page 53.
Hexadecimal  [32-Bits]

Area                                    Addr        Size        Decimal Bytes (Attributes)
--------------------------------        ----        ----        ------- ----- ------------
CODE                                000080C9    000009CC =        2508. bytes (REL,CON)

      Value  Global                              Global Defined In Module
      -----  --------------------------------   ------------------------
     000089F3  XG$GPIO_ReadInputPin$0$0           stm8s_gpio
     000089F4  A$stm8s_gpio$474                   stm8s_gpio
     000089F4  Sstm8s_gpio$GPIO_ExternalPullUpC   stm8s_gpio
     000089F4  Sstm8s_gpio$GPIO_ExternalPullUpC   stm8s_gpio
     000089F4  Sstm8s_gpio$GPIO_ReadInputPin$12   stm8s_gpio
     000089F4  _GPIO_ExternalPullUpConfig         stm8s_gpio
     000089F5  A$stm8s_gpio$478                   stm8s_gpio
     000089F5  Sstm8s_gpio$GPIO_ExternalPullUpC   stm8s_gpio
     000089F5  Sstm8s_gpio$GPIO_ExternalPullUpC   stm8s_gpio
     000089F7  A$stm8s_gpio$479                   stm8s_gpio
     000089F9  A$stm8s_gpio$480                   stm8s_gpio
     000089FB  A$stm8s_gpio$482                   stm8s_gpio
     000089FB  Sstm8s_gpio$GPIO_ExternalPullUpC   stm8s_gpio
     000089FC  A$stm8s_gpio$483                   stm8s_gpio
     000089FD  A$stm8s_gpio$485                   stm8s_gpio
     000089FD  Sstm8s_gpio$GPIO_ExternalPullUpC   stm8s_gpio
     000089FF  A$stm8s_gpio$487                   stm8s_gpio
     000089FF  Sstm8s_gpio$GPIO_ExternalPullUpC   stm8s_gpio
     00008A01  A$stm8s_gpio$489                   stm8s_gpio
     00008A01  Sstm8s_gpio$GPIO_ExternalPullUpC   stm8s_gpio
     00008A03  A$stm8s_gpio$491                   stm8s_gpio
     00008A03  Sstm8s_gpio$GPIO_ExternalPullUpC   stm8s_gpio
     00008A06  A$stm8s_gpio$492                   stm8s_gpio
     00008A08  A$stm8s_gpio$497                   stm8s_gpio
     00008A08  Sstm8s_gpio$GPIO_ExternalPullUpC   stm8s_gpio
     00008A08  Sstm8s_gpio$GPIO_ExternalPullUpC   stm8s_gpio
     00008A0A  A$stm8s_gpio$498                   stm8s_gpio
     00008A0C  A$stm8s_gpio$499                   stm8s_gpio
     00008A0E  A$stm8s_gpio$500                   stm8s_gpio
     00008A0F  A$stm8s_gpio$501                   stm8s_gpio
     00008A11  A$stm8s_gpio$503                   stm8s_gpio
     00008A11  Sstm8s_gpio$GPIO_ExternalPullUpC   stm8s_gpio
     00008A13  A$stm8s_gpio$505                   stm8s_gpio
     00008A13  Sstm8s_gpio$GPIO_ExternalPullUpC   stm8s_gpio
     00008A14  A$stm8s_gpio$506                   stm8s_gpio
     00008A15  A$stm8s_gpio$508                   stm8s_gpio
     00008A15  Sstm8s_gpio$GPIO_ExternalPullUpC   stm8s_gpio
     00008A17  A$stm8s_gpio$510                   stm8s_gpio
     00008A17  Sstm8s_gpio$GPIO_ExternalPullUpC   stm8s_gpio
     00008A19  A$stm8s_gpio$512                   stm8s_gpio
     00008A19  Sstm8s_gpio$GPIO_ExternalPullUpC   stm8s_gpio
     00008A1B  A$stm8s_gpio$514                   stm8s_gpio
     00008A1B  Sstm8s_gpio$GPIO_ExternalPullUpC   stm8s_gpio
     00008A1E  A$stm8s_gpio$515                   stm8s_gpio
     00008A20  A$stm8s_gpio$520                   stm8s_gpio
     00008A20  Sstm8s_gpio$GPIO_ExternalPullUpC   stm8s_gpio
     00008A20  Sstm8s_gpio$GPIO_ExternalPullUpC   stm8s_gpio
     00008A22  A$stm8s_gpio$521                   stm8s_gpio
     00008A25  A$stm8s_gpio$522                   stm8s_gpio
     00008A26  A$stm8s_gpio$525                   stm8s_gpio
     00008A26  Sstm8s_gpio$GPIO_ExternalPullUpC   stm8s_gpio
ASxxxx Linker V03.00 + NoICE + sdld,  page 54.
Hexadecimal  [32-Bits]

Area                                    Addr        Size        Decimal Bytes (Attributes)
--------------------------------        ----        ----        ------- ----- ------------
CODE                                000080C9    000009CC =        2508. bytes (REL,CON)

      Value  Global                              Global Defined In Module
      -----  --------------------------------   ------------------------
     00008A28  A$stm8s_gpio$526                   stm8s_gpio
     00008A2A  A$stm8s_gpio$530                   stm8s_gpio
     00008A2A  Sstm8s_gpio$GPIO_ExternalPullUpC   stm8s_gpio
     00008A2A  Sstm8s_gpio$GPIO_ExternalPullUpC   stm8s_gpio
     00008A2C  A$stm8s_gpio$531                   stm8s_gpio
     00008A2D  A$stm8s_gpio$533                   stm8s_gpio
     00008A2D  Sstm8s_gpio$GPIO_ExternalPullUpC   stm8s_gpio
     00008A2F  A$stm8s_gpio$538                   stm8s_gpio
     00008A2F  Sstm8s_gpio$GPIO_ExternalPullUpC   stm8s_gpio
     00008A2F  Sstm8s_gpio$GPIO_ExternalPullUpC   stm8s_gpio
     00008A30  A$stm8s_gpio$540                   stm8s_gpio
     00008A30  Sstm8s_gpio$GPIO_ExternalPullUpC   stm8s_gpio
     00008A32  A$stm8s_gpio$541                   stm8s_gpio
     00008A33  A$stm8s_gpio$542                   stm8s_gpio
     00008A35  A$stm8s_gpio$543                   stm8s_gpio
     00008A36  A$stm8s_gpio$545                   stm8s_gpio
     00008A36  Sstm8s_gpio$GPIO_ExternalPullUpC   stm8s_gpio
     00008A38  A$stm8s_gpio$546                   stm8s_gpio
     00008A39  A$stm8s_gpio$551                   stm8s_gpio
     00008A39  Sstm8s_gpio$GPIO_ExternalPullUpC   stm8s_gpio
     00008A39  Sstm8s_gpio$GPIO_ExternalPullUpC   stm8s_gpio
     00008A3A  A$stm8s_gpio$555                   stm8s_gpio
     00008A3A  Sstm8s_gpio$GPIO_ExternalPullUpC   stm8s_gpio
     00008A3A  Sstm8s_gpio$GPIO_ExternalPullUpC   stm8s_gpio
     00008A3A  XG$GPIO_ExternalPullUpConfig$0$0   stm8s_gpio
     00008A3B  Sstm8s_gpio$GPIO_ExternalPullUpC   stm8s_gpio
     00008A3B  __divulong                         

ASxxxx Linker V03.00 + NoICE + sdld,  page 55.
Hexadecimal  [32-Bits]

Area                                    Addr        Size        Decimal Bytes (Attributes)
--------------------------------        ----        ----        ------- ----- ------------
.debug_line                         00000000    00000DAF =        3503. bytes (REL,CON)

      Value  Global                              Global Defined In Module
      -----  --------------------------------   ------------------------
ASxxxx Linker V03.00 + NoICE + sdld,  page 56.
Hexadecimal  [32-Bits]

Area                                    Addr        Size        Decimal Bytes (Attributes)
--------------------------------        ----        ----        ------- ----- ------------
.debug_loc                          00000000    000015E4 =        5604. bytes (REL,CON)

      Value  Global                              Global Defined In Module
      -----  --------------------------------   ------------------------
ASxxxx Linker V03.00 + NoICE + sdld,  page 57.
Hexadecimal  [32-Bits]

Area                                    Addr        Size        Decimal Bytes (Attributes)
--------------------------------        ----        ----        ------- ----- ------------
.debug_abbrev                       00000000    00000214 =         532. bytes (REL,CON)

      Value  Global                              Global Defined In Module
      -----  --------------------------------   ------------------------
ASxxxx Linker V03.00 + NoICE + sdld,  page 58.
Hexadecimal  [32-Bits]

Area                                    Addr        Size        Decimal Bytes (Attributes)
--------------------------------        ----        ----        ------- ----- ------------
.debug_info                         00000000    00001258 =        4696. bytes (REL,CON)

      Value  Global                              Global Defined In Module
      -----  --------------------------------   ------------------------
ASxxxx Linker V03.00 + NoICE + sdld,  page 59.
Hexadecimal  [32-Bits]

Area                                    Addr        Size        Decimal Bytes (Attributes)
--------------------------------        ----        ----        ------- ----- ------------
.debug_pubnames                     00000000    0000060A =        1546. bytes (REL,CON)

      Value  Global                              Global Defined In Module
      -----  --------------------------------   ------------------------
ASxxxx Linker V03.00 + NoICE + sdld,  page 60.
Hexadecimal  [32-Bits]

Area                                    Addr        Size        Decimal Bytes (Attributes)
--------------------------------        ----        ----        ------- ----- ------------
.debug_frame                        00000000    000013FD =        5117. bytes (REL,CON)

      Value  Global                              Global Defined In Module
      -----  --------------------------------   ------------------------
ASxxxx Linker V03.00 + NoICE + sdld,  page 61.

Files Linked                              [ module(s) ]

build/main.rel                            [ main ]
build/stm8s_it.rel                        [ stm8s_it ]
build/stm8s_conf.rel                      [ stm8s_conf ]
build/stm8s_clk.rel                       [ stm8s_clk ]
build/stm8s_gpio.rel                      [ stm8s_gpio ]


Libraries Linked                          [ object file ]

C:\Program Files\SDCC\bin\..\lib\stm8/stm8.lib
                                          [ _divulong.rel ]

ASxxxx Linker V03.00 + NoICE + sdld,  page 62.

User Base Address Definitions

HOME = 0x8000
DATA = 0x0001

